Archive member included to satisfy reference by file (symbol)

c:/program files (x86)/gnu arm embedded toolchain/10 2021.10/bin/../lib/gcc/arm-none-eabi/10.3.1/../../../../arm-none-eabi/lib/thumb/v7e-m+fp/hard\libc.a(lib_a-exit.o)
                              c:/program files (x86)/gnu arm embedded toolchain/10 2021.10/bin/../lib/gcc/arm-none-eabi/10.3.1/../../../../arm-none-eabi/lib/thumb/v7e-m+fp/hard/crt0.o (exit)
c:/program files (x86)/gnu arm embedded toolchain/10 2021.10/bin/../lib/gcc/arm-none-eabi/10.3.1/../../../../arm-none-eabi/lib/thumb/v7e-m+fp/hard\libc.a(lib_a-impure.o)
                              c:/program files (x86)/gnu arm embedded toolchain/10 2021.10/bin/../lib/gcc/arm-none-eabi/10.3.1/../../../../arm-none-eabi/lib/thumb/v7e-m+fp/hard\libc.a(lib_a-exit.o) (_global_impure_ptr)
c:/program files (x86)/gnu arm embedded toolchain/10 2021.10/bin/../lib/gcc/arm-none-eabi/10.3.1/../../../../arm-none-eabi/lib/thumb/v7e-m+fp/hard\libc.a(lib_a-init.o)
                              c:/program files (x86)/gnu arm embedded toolchain/10 2021.10/bin/../lib/gcc/arm-none-eabi/10.3.1/../../../../arm-none-eabi/lib/thumb/v7e-m+fp/hard/crt0.o (__libc_init_array)
c:/program files (x86)/gnu arm embedded toolchain/10 2021.10/bin/../lib/gcc/arm-none-eabi/10.3.1/../../../../arm-none-eabi/lib/thumb/v7e-m+fp/hard\libc.a(lib_a-memset.o)
                              c:/program files (x86)/gnu arm embedded toolchain/10 2021.10/bin/../lib/gcc/arm-none-eabi/10.3.1/../../../../arm-none-eabi/lib/thumb/v7e-m+fp/hard/crt0.o (memset)
c:/program files (x86)/gnu arm embedded toolchain/10 2021.10/bin/../lib/gcc/arm-none-eabi/10.3.1/../../../../arm-none-eabi/lib/thumb/v7e-m+fp/hard\libc.a(lib_a-__call_atexit.o)
                              c:/program files (x86)/gnu arm embedded toolchain/10 2021.10/bin/../lib/gcc/arm-none-eabi/10.3.1/../../../../arm-none-eabi/lib/thumb/v7e-m+fp/hard\libc.a(lib_a-exit.o) (__call_exitprocs)
c:/program files (x86)/gnu arm embedded toolchain/10 2021.10/bin/../lib/gcc/arm-none-eabi/10.3.1/../../../../arm-none-eabi/lib/thumb/v7e-m+fp/hard\libc.a(lib_a-atexit.o)
                              c:/program files (x86)/gnu arm embedded toolchain/10 2021.10/bin/../lib/gcc/arm-none-eabi/10.3.1/../../../../arm-none-eabi/lib/thumb/v7e-m+fp/hard\libc.a(lib_a-__call_atexit.o) (atexit)
c:/program files (x86)/gnu arm embedded toolchain/10 2021.10/bin/../lib/gcc/arm-none-eabi/10.3.1/../../../../arm-none-eabi/lib/thumb/v7e-m+fp/hard\libc.a(lib_a-fini.o)
                              c:/program files (x86)/gnu arm embedded toolchain/10 2021.10/bin/../lib/gcc/arm-none-eabi/10.3.1/../../../../arm-none-eabi/lib/thumb/v7e-m+fp/hard\libc.a(lib_a-__call_atexit.o) (__libc_fini_array)
c:/program files (x86)/gnu arm embedded toolchain/10 2021.10/bin/../lib/gcc/arm-none-eabi/10.3.1/../../../../arm-none-eabi/lib/thumb/v7e-m+fp/hard\libc.a(lib_a-lock.o)
                              c:/program files (x86)/gnu arm embedded toolchain/10 2021.10/bin/../lib/gcc/arm-none-eabi/10.3.1/../../../../arm-none-eabi/lib/thumb/v7e-m+fp/hard\libc.a(lib_a-__call_atexit.o) (__retarget_lock_acquire_recursive)
c:/program files (x86)/gnu arm embedded toolchain/10 2021.10/bin/../lib/gcc/arm-none-eabi/10.3.1/../../../../arm-none-eabi/lib/thumb/v7e-m+fp/hard\libc.a(lib_a-__atexit.o)
                              c:/program files (x86)/gnu arm embedded toolchain/10 2021.10/bin/../lib/gcc/arm-none-eabi/10.3.1/../../../../arm-none-eabi/lib/thumb/v7e-m+fp/hard\libc.a(lib_a-atexit.o) (__register_exitproc)
c:/program files (x86)/gnu arm embedded toolchain/10 2021.10/bin/../lib/gcc/arm-none-eabi/10.3.1/../../../../arm-none-eabi/lib/thumb/v7e-m+fp/hard\libnosys.a(_exit.o)
                              c:/program files (x86)/gnu arm embedded toolchain/10 2021.10/bin/../lib/gcc/arm-none-eabi/10.3.1/../../../../arm-none-eabi/lib/thumb/v7e-m+fp/hard\libc.a(lib_a-exit.o) (_exit)
c:/program files (x86)/gnu arm embedded toolchain/10 2021.10/bin/../lib/gcc/arm-none-eabi/10.3.1/thumb/v7e-m+fp/hard\libgcc.a(_aeabi_uldivmod.o)
                              CMakeFiles/UartDriver.out.dir/Drivers/STM32F4xx_HAL_Driver/Src/stm32f4xx_hal_rcc.c.obj (__aeabi_uldivmod)
c:/program files (x86)/gnu arm embedded toolchain/10 2021.10/bin/../lib/gcc/arm-none-eabi/10.3.1/thumb/v7e-m+fp/hard\libgcc.a(_udivmoddi4.o)
                              c:/program files (x86)/gnu arm embedded toolchain/10 2021.10/bin/../lib/gcc/arm-none-eabi/10.3.1/thumb/v7e-m+fp/hard\libgcc.a(_aeabi_uldivmod.o) (__udivmoddi4)
c:/program files (x86)/gnu arm embedded toolchain/10 2021.10/bin/../lib/gcc/arm-none-eabi/10.3.1/thumb/v7e-m+fp/hard\libgcc.a(_dvmd_tls.o)
                              c:/program files (x86)/gnu arm embedded toolchain/10 2021.10/bin/../lib/gcc/arm-none-eabi/10.3.1/thumb/v7e-m+fp/hard\libgcc.a(_aeabi_uldivmod.o) (__aeabi_ldiv0)
[...]
Memory Configuration

Name             Origin             Length             Attributes
RAM              0x20000000         0x00020000         xrw
CCMRAM           0x10000000         0x00010000         xrw
FLASH            0x08000000         0x00100000         xr
*default*        0x00000000         0xffffffff

Linker script and memory map

LOAD c:/program files (x86)/gnu arm embedded toolchain/10 2021.10/bin/../lib/gcc/arm-none-eabi/10.3.1/thumb/v7e-m+fp/hard/crti.o
LOAD c:/program files (x86)/gnu arm embedded toolchain/10 2021.10/bin/../lib/gcc/arm-none-eabi/10.3.1/thumb/v7e-m+fp/hard/crtbegin.o
LOAD c:/program files (x86)/gnu arm embedded toolchain/10 2021.10/bin/../lib/gcc/arm-none-eabi/10.3.1/../../../../arm-none-eabi/lib/thumb/v7e-m+fp/hard/crt0.o
LOAD c:/program files (x86)/gnu arm embedded toolchain/10 2021.10/bin/../lib/gcc/arm-none-eabi/10.3.1/../../../../arm-none-eabi/lib/thumb/v7e-m+fp/hard\libc.a
LOAD c:/program files (x86)/gnu arm embedded toolchain/10 2021.10/bin/../lib/gcc/arm-none-eabi/10.3.1/../../../../arm-none-eabi/lib/thumb/v7e-m+fp/hard\libm.a
LOAD c:/program files (x86)/gnu arm embedded toolchain/10 2021.10/bin/../lib/gcc/arm-none-eabi/10.3.1/../../../../arm-none-eabi/lib/thumb/v7e-m+fp/hard\libnosys.a
LOAD CMakeFiles/UartDriver.out.dir/Drivers/STM32F4xx_HAL_Driver/Src/stm32f4xx_hal_tim.c.obj
LOAD CMakeFiles/UartDriver.out.dir/Drivers/STM32F4xx_HAL_Driver/Src/stm32f4xx_hal_tim_ex.c.obj
LOAD CMakeFiles/UartDriver.out.dir/Drivers/STM32F4xx_HAL_Driver/Src/stm32f4xx_hal_uart.c.obj
LOAD CMakeFiles/UartDriver.out.dir/Drivers/STM32F4xx_HAL_Driver/Src/stm32f4xx_hal_spi.c.obj
LOAD CMakeFiles/UartDriver.out.dir/Drivers/STM32F4xx_HAL_Driver/Src/stm32f4xx_hal_rcc.c.obj
LOAD CMakeFiles/UartDriver.out.dir/Drivers/STM32F4xx_HAL_Driver/Src/stm32f4xx_hal_rcc_ex.c.obj
LOAD CMakeFiles/UartDriver.out.dir/Drivers/STM32F4xx_HAL_Driver/Src/stm32f4xx_hal_flash.c.obj
LOAD CMakeFiles/UartDriver.out.dir/Drivers/STM32F4xx_HAL_Driver/Src/stm32f4xx_hal_flash_ex.c.obj
LOAD CMakeFiles/UartDriver.out.dir/Drivers/STM32F4xx_HAL_Driver/Src/stm32f4xx_hal_flash_ramfunc.c.obj
LOAD CMakeFiles/UartDriver.out.dir/Drivers/STM32F4xx_HAL_Driver/Src/stm32f4xx_hal_gpio.c.obj
LOAD CMakeFiles/UartDriver.out.dir/Drivers/STM32F4xx_HAL_Driver/Src/stm32f4xx_hal_dma_ex.c.obj
LOAD CMakeFiles/UartDriver.out.dir/Drivers/STM32F4xx_HAL_Driver/Src/stm32f4xx_hal_dma.c.obj
LOAD CMakeFiles/UartDriver.out.dir/Drivers/STM32F4xx_HAL_Driver/Src/stm32f4xx_hal_pwr.c.obj
LOAD CMakeFiles/UartDriver.out.dir/Drivers/STM32F4xx_HAL_Driver/Src/stm32f4xx_hal_pwr_ex.c.obj
LOAD CMakeFiles/UartDriver.out.dir/Drivers/STM32F4xx_HAL_Driver/Src/stm32f4xx_hal_cortex.c.obj
LOAD CMakeFiles/UartDriver.out.dir/Drivers/STM32F4xx_HAL_Driver/Src/stm32f4xx_hal.c.obj
LOAD CMakeFiles/UartDriver.out.dir/Drivers/STM32F4xx_HAL_Driver/Src/stm32f4xx_hal_exti.c.obj
LOAD CMakeFiles/UartDriver.out.dir/Core/Src/main.c.obj
LOAD CMakeFiles/UartDriver.out.dir/Core/Src/freertos.c.obj
LOAD CMakeFiles/UartDriver.out.dir/Core/Src/stm32f4xx_hal_msp.c.obj
LOAD CMakeFiles/UartDriver.out.dir/Core/Src/stm32f4xx_it.c.obj
LOAD CMakeFiles/UartDriver.out.dir/Core/Src/system_stm32f4xx.c.obj
LOAD CMakeFiles/UartDriver.out.dir/Middlewares/Third_Party/FreeRTOS/Source/CMSIS_RTOS/cmsis_os.c.obj
LOAD CMakeFiles/UartDriver.out.dir/Middlewares/Third_Party/FreeRTOS/Source/portable/GCC/ARM_CM4F/port.c.obj
LOAD CMakeFiles/UartDriver.out.dir/Middlewares/Third_Party/FreeRTOS/Source/croutine.c.obj
LOAD CMakeFiles/UartDriver.out.dir/Middlewares/Third_Party/FreeRTOS/Source/event_groups.c.obj
LOAD CMakeFiles/UartDriver.out.dir/Middlewares/Third_Party/FreeRTOS/Source/list.c.obj
LOAD CMakeFiles/UartDriver.out.dir/Middlewares/Third_Party/FreeRTOS/Source/queue.c.obj
LOAD CMakeFiles/UartDriver.out.dir/Middlewares/Third_Party/FreeRTOS/Source/stream_buffer.c.obj
LOAD CMakeFiles/UartDriver.out.dir/Middlewares/Third_Party/FreeRTOS/Source/tasks.c.obj
LOAD CMakeFiles/UartDriver.out.dir/Middlewares/Third_Party/FreeRTOS/Source/timers.c.obj
LOAD CMakeFiles/UartDriver.out.dir/Middlewares/Third_Party/FreeRTOS/Source/portable/MemMang/heap_4.c.obj
LOAD CMakeFiles/UartDriver.out.dir/Application/src/Application.c.obj
LOAD CMakeFiles/UartDriver.out.dir/Application/src/RingBuffer.c.obj
LOAD CMakeFiles/UartDriver.out.dir/startup_stm32f407xx.s.obj
START GROUP
LOAD c:/program files (x86)/gnu arm embedded toolchain/10 2021.10/bin/../lib/gcc/arm-none-eabi/10.3.1/thumb/v7e-m+fp/hard\libgcc.a
LOAD c:/program files (x86)/gnu arm embedded toolchain/10 2021.10/bin/../lib/gcc/arm-none-eabi/10.3.1/../../../../arm-none-eabi/lib/thumb/v7e-m+fp/hard\libg.a
LOAD c:/program files (x86)/gnu arm embedded toolchain/10 2021.10/bin/../lib/gcc/arm-none-eabi/10.3.1/../../../../arm-none-eabi/lib/thumb/v7e-m+fp/hard\libc.a
END GROUP
LOAD c:/program files (x86)/gnu arm embedded toolchain/10 2021.10/bin/../lib/gcc/arm-none-eabi/10.3.1/thumb/v7e-m+fp/hard/crtend.o
LOAD c:/program files (x86)/gnu arm embedded toolchain/10 2021.10/bin/../lib/gcc/arm-none-eabi/10.3.1/thumb/v7e-m+fp/hard/crtn.o
                0x20020000                _estack = (ORIGIN (RAM) + LENGTH (RAM))
                0x00000200                _Min_Heap_Size = 0x200
                0x00000400                _Min_Stack_Size = 0x400

.isr_vector     0x08000000      0x188
                0x08000000                . = ALIGN (0x4)
 *(.isr_vector)
 .isr_vector    0x08000000      0x188 CMakeFiles/UartDriver.out.dir/startup_stm32f407xx.s.obj
                0x08000000                g_pfnVectors
                0x08000188                . = ALIGN (0x4)

.text           0x08000190     0x307c
                0x08000190                . = ALIGN (0x4)
 *(.text)
 .text          0x08000190       0x40 c:/program files (x86)/gnu arm embedded toolchain/10 2021.10/bin/../lib/gcc/arm-none-eabi/10.3.1/thumb/v7e-m+fp/hard/crtbegin.o
 .text          0x080001d0       0x30 c:/program files (x86)/gnu arm embedded toolchain/10 2021.10/bin/../lib/gcc/arm-none-eabi/10.3.1/thumb/v7e-m+fp/hard\libgcc.a(_aeabi_uldivmod.o)
                0x080001d0                __aeabi_uldivmod
 .text          0x08000200      0x2d0 c:/program files (x86)/gnu arm embedded toolchain/10 2021.10/bin/../lib/gcc/arm-none-eabi/10.3.1/thumb/v7e-m+fp/hard\libgcc.a(_udivmoddi4.o)
                0x08000200                __udivmoddi4
 .text          0x080004d0        0x4 c:/program files (x86)/gnu arm embedded toolchain/10 2021.10/bin/../lib/gcc/arm-none-eabi/10.3.1/thumb/v7e-m+fp/hard\libgcc.a(_dvmd_tls.o)
                0x080004d0                __aeabi_idiv0
                0x080004d0                __aeabi_ldiv0
 .text          0x080004d4      0x134 c:/program files (x86)/gnu arm embedded toolchain/10 2021.10/bin/../lib/gcc/arm-none-eabi/10.3.1/../../../../arm-none-eabi/lib/thumb/v7e-m+fp/hard\libg.a(lib_a-memcpy.o)
                0x080004d4                memcpy
 *(.text*)
 .text.__libc_init_array
                0x08000608       0x48 c:/program files (x86)/gnu arm embedded toolchain/10 2021.10/bin/../lib/gcc/arm-none-eabi/10.3.1/../../../../arm-none-eabi/lib/thumb/v7e-m+fp/hard\libc.a(lib_a-init.o)
                0x08000608                __libc_init_array
 .text.memset   0x08000650       0xa4 c:/program files (x86)/gnu arm embedded toolchain/10 2021.10/bin/../lib/gcc/arm-none-eabi/10.3.1/../../../../arm-none-eabi/lib/thumb/v7e-m+fp/hard\libc.a(lib_a-memset.o)
                0x08000650                memset
 .text.startup.register_fini
                0x080006f4       0x14 c:/program files (x86)/gnu arm embedded toolchain/10 2021.10/bin/../lib/gcc/arm-none-eabi/10.3.1/../../../../arm-none-eabi/lib/thumb/v7e-m+fp/hard\libc.a(lib_a-__call_atexit.o)
 .text.atexit   0x08000708        0xc c:/program files (x86)/gnu arm embedded toolchain/10 2021.10/bin/../lib/gcc/arm-none-eabi/10.3.1/../../../../arm-none-eabi/lib/thumb/v7e-m+fp/hard\libc.a(lib_a-atexit.o)
                0x08000708                atexit
 .text.__libc_fini_array
                0x08000714       0x2c c:/program files (x86)/gnu arm embedded toolchain/10 2021.10/bin/../lib/gcc/arm-none-eabi/10.3.1/../../../../arm-none-eabi/lib/thumb/v7e-m+fp/hard\libc.a(lib_a-fini.o)
                0x08000714                __libc_fini_array
 .text.__retarget_lock_acquire_recursive
                0x08000740        0x4 c:/program files (x86)/gnu arm embedded toolchain/10 2021.10/bin/../lib/gcc/arm-none-eabi/10.3.1/../../../../arm-none-eabi/lib/thumb/v7e-m+fp/hard\libc.a(lib_a-lock.o)
                0x08000740                __retarget_lock_acquire_recursive
 .text.__retarget_lock_release_recursive
                0x08000744        0x4 c:/program files (x86)/gnu arm embedded toolchain/10 2021.10/bin/../lib/gcc/arm-none-eabi/10.3.1/../../../../arm-none-eabi/lib/thumb/v7e-m+fp/hard\libc.a(lib_a-lock.o)
                0x08000744                __retarget_lock_release_recursive
 .text.__register_exitproc
                0x08000748       0x8c c:/program files (x86)/gnu arm embedded toolchain/10 2021.10/bin/../lib/gcc/arm-none-eabi/10.3.1/../../../../arm-none-eabi/lib/thumb/v7e-m+fp/hard\libc.a(lib_a-__atexit.o)
                0x08000748                __register_exitproc
 .text.HAL_TIM_Base_Start_IT
                0x080007d4       0x88 CMakeFiles/UartDriver.out.dir/Drivers/STM32F4xx_HAL_Driver/Src/stm32f4xx_hal_tim.c.obj
                0x080007d4                HAL_TIM_Base_Start_IT
 .text.HAL_TIM_PeriodElapsedCallback
                0x0800085c        0x2 CMakeFiles/UartDriver.out.dir/Drivers/STM32F4xx_HAL_Driver/Src/stm32f4xx_hal_tim.c.obj
                0x0800085c                HAL_TIM_PeriodElapsedCallback
 .text.HAL_TIM_OC_DelayElapsedCallback
                0x0800085e        0x2 CMakeFiles/UartDriver.out.dir/Drivers/STM32F4xx_HAL_Driver/Src/stm32f4xx_hal_tim.c.obj
                0x0800085e                HAL_TIM_OC_DelayElapsedCallback
 .text.HAL_TIM_IC_CaptureCallback
                0x08000860        0x2 CMakeFiles/UartDriver.out.dir/Drivers/STM32F4xx_HAL_Driver/Src/stm32f4xx_hal_tim.c.obj
                0x08000860                HAL_TIM_IC_CaptureCallback
 .text.HAL_TIM_PWM_PulseFinishedCallback
                0x08000862        0x2 CMakeFiles/UartDriver.out.dir/Drivers/STM32F4xx_HAL_Driver/Src/stm32f4xx_hal_tim.c.obj
                0x08000862                HAL_TIM_PWM_PulseFinishedCallback
 .text.HAL_TIM_TriggerCallback
                0x08000864        0x2 CMakeFiles/UartDriver.out.dir/Drivers/STM32F4xx_HAL_Driver/Src/stm32f4xx_hal_tim.c.obj
                0x08000864                HAL_TIM_TriggerCallback
 .text.HAL_TIM_IRQHandler
                0x08000866      0x17a CMakeFiles/UartDriver.out.dir/Drivers/STM32F4xx_HAL_Driver/Src/stm32f4xx_hal_tim.c.obj
                0x08000866                HAL_TIM_IRQHandler
 .text.TIM_Base_SetConfig
                0x080009e0       0xc8 CMakeFiles/UartDriver.out.dir/Drivers/STM32F4xx_HAL_Driver/Src/stm32f4xx_hal_tim.c.obj
                0x080009e0                TIM_Base_SetConfig
 .text.HAL_TIM_Base_Init
                0x08000aa8       0x58 CMakeFiles/UartDriver.out.dir/Drivers/STM32F4xx_HAL_Driver/Src/stm32f4xx_hal_tim.c.obj
                0x08000aa8                HAL_TIM_Base_Init
 .text.HAL_TIMEx_MasterConfigSynchronization
                0x08000b00       0x8c CMakeFiles/UartDriver.out.dir/Drivers/STM32F4xx_HAL_Driver/Src/stm32f4xx_hal_tim_ex.c.obj
                0x08000b00                HAL_TIMEx_MasterConfigSynchronization
 .text.HAL_TIMEx_CommutCallback
                0x08000b8c        0x2 CMakeFiles/UartDriver.out.dir/Drivers/STM32F4xx_HAL_Driver/Src/stm32f4xx_hal_tim_ex.c.obj
                0x08000b8c                HAL_TIMEx_CommutCallback
 .text.HAL_TIMEx_BreakCallback
                0x08000b8e        0x2 CMakeFiles/UartDriver.out.dir/Drivers/STM32F4xx_HAL_Driver/Src/stm32f4xx_hal_tim_ex.c.obj
                0x08000b8e                HAL_TIMEx_BreakCallback
 .text.HAL_RCC_OscConfig
                0x08000b90      0x3f8 CMakeFiles/UartDriver.out.dir/Drivers/STM32F4xx_HAL_Driver/Src/stm32f4xx_hal_rcc.c.obj
                0x08000b90                HAL_RCC_OscConfig
 .text.HAL_RCC_GetSysClockFreq
                0x08000f88       0xd4 CMakeFiles/UartDriver.out.dir/Drivers/STM32F4xx_HAL_Driver/Src/stm32f4xx_hal_rcc.c.obj
                0x08000f88                HAL_RCC_GetSysClockFreq
 .text.HAL_RCC_ClockConfig
                0x0800105c      0x160 CMakeFiles/UartDriver.out.dir/Drivers/STM32F4xx_HAL_Driver/Src/stm32f4xx_hal_rcc.c.obj
                0x0800105c                HAL_RCC_ClockConfig
 .text.HAL_GPIO_Init
                0x080011bc      0x1e4 CMakeFiles/UartDriver.out.dir/Drivers/STM32F4xx_HAL_Driver/Src/stm32f4xx_hal_gpio.c.obj
                0x080011bc                HAL_GPIO_Init
 .text.HAL_GPIO_WritePin
                0x080013a0        0xc CMakeFiles/UartDriver.out.dir/Drivers/STM32F4xx_HAL_Driver/Src/stm32f4xx_hal_gpio.c.obj
                0x080013a0                HAL_GPIO_WritePin
 .text.HAL_GPIO_TogglePin
                0x080013ac       0x12 CMakeFiles/UartDriver.out.dir/Drivers/STM32F4xx_HAL_Driver/Src/stm32f4xx_hal_gpio.c.obj
                0x080013ac                HAL_GPIO_TogglePin
 .text.HAL_GPIO_EXTI_Callback
                0x080013be        0x2 CMakeFiles/UartDriver.out.dir/Drivers/STM32F4xx_HAL_Driver/Src/stm32f4xx_hal_gpio.c.obj
                0x080013be                HAL_GPIO_EXTI_Callback
 .text.HAL_GPIO_EXTI_IRQHandler
                0x080013c0       0x1c CMakeFiles/UartDriver.out.dir/Drivers/STM32F4xx_HAL_Driver/Src/stm32f4xx_hal_gpio.c.obj
                0x080013c0                HAL_GPIO_EXTI_IRQHandler
 .text.HAL_NVIC_SetPriorityGrouping
                0x080013dc       0x24 CMakeFiles/UartDriver.out.dir/Drivers/STM32F4xx_HAL_Driver/Src/stm32f4xx_hal_cortex.c.obj
                0x080013dc                HAL_NVIC_SetPriorityGrouping
 .text.HAL_NVIC_SetPriority
                0x08001400       0x70 CMakeFiles/UartDriver.out.dir/Drivers/STM32F4xx_HAL_Driver/Src/stm32f4xx_hal_cortex.c.obj
                0x08001400                HAL_NVIC_SetPriority
 .text.HAL_NVIC_EnableIRQ
                0x08001470       0x1c CMakeFiles/UartDriver.out.dir/Drivers/STM32F4xx_HAL_Driver/Src/stm32f4xx_hal_cortex.c.obj
                0x08001470                HAL_NVIC_EnableIRQ
 .text.HAL_SYSTICK_Config
                0x0800148c       0x28 CMakeFiles/UartDriver.out.dir/Drivers/STM32F4xx_HAL_Driver/Src/stm32f4xx_hal_cortex.c.obj
                0x0800148c                HAL_SYSTICK_Config
 .text.HAL_InitTick
                0x080014b4       0x4c CMakeFiles/UartDriver.out.dir/Drivers/STM32F4xx_HAL_Driver/Src/stm32f4xx_hal.c.obj
                0x080014b4                HAL_InitTick
 .text.HAL_Init
                0x08001500       0x34 CMakeFiles/UartDriver.out.dir/Drivers/STM32F4xx_HAL_Driver/Src/stm32f4xx_hal.c.obj
                0x08001500                HAL_Init
 .text.HAL_IncTick
                0x08001534       0x18 CMakeFiles/UartDriver.out.dir/Drivers/STM32F4xx_HAL_Driver/Src/stm32f4xx_hal.c.obj
                0x08001534                HAL_IncTick
 .text.HAL_GetTick
                0x0800154c        0xc CMakeFiles/UartDriver.out.dir/Drivers/STM32F4xx_HAL_Driver/Src/stm32f4xx_hal.c.obj
                0x0800154c                HAL_GetTick
 .text.MX_GPIO_Init
                0x08001558       0x9c CMakeFiles/UartDriver.out.dir/Core/Src/main.c.obj
 .text.StartDefaultTask
                0x080015f4        0xa CMakeFiles/UartDriver.out.dir/Core/Src/main.c.obj
                0x080015f4                StartDefaultTask
 .text.Error_Handler
                0x080015fe        0x4 CMakeFiles/UartDriver.out.dir/Core/Src/main.c.obj
                0x080015fe                Error_Handler
 *fill*         0x08001602        0x2 
 .text.MX_TIM6_Init
                0x08001604       0x50 CMakeFiles/UartDriver.out.dir/Core/Src/main.c.obj
 .text.SystemClock_Config
                0x08001654       0xa4 CMakeFiles/UartDriver.out.dir/Core/Src/main.c.obj
                0x08001654                SystemClock_Config
 .text.main     0x080016f8       0xcc CMakeFiles/UartDriver.out.dir/Core/Src/main.c.obj
                0x080016f8                main
 .text.vApplicationGetIdleTaskMemory
                0x080017c4       0x18 CMakeFiles/UartDriver.out.dir/Core/Src/freertos.c.obj
                0x080017c4                vApplicationGetIdleTaskMemory
 .text.HAL_MspInit
                0x080017dc       0x44 CMakeFiles/UartDriver.out.dir/Core/Src/stm32f4xx_hal_msp.c.obj
                0x080017dc                HAL_MspInit
 .text.HAL_TIM_Base_MspInit
                0x08001820       0x40 CMakeFiles/UartDriver.out.dir/Core/Src/stm32f4xx_hal_msp.c.obj
                0x08001820                HAL_TIM_Base_MspInit
 .text.NMI_Handler
                0x08001860        0x2 CMakeFiles/UartDriver.out.dir/Core/Src/stm32f4xx_it.c.obj
                0x08001860                NMI_Handler
 .text.HardFault_Handler
                0x08001862        0x2 CMakeFiles/UartDriver.out.dir/Core/Src/stm32f4xx_it.c.obj
                0x08001862                HardFault_Handler
 .text.MemManage_Handler
                0x08001864        0x2 CMakeFiles/UartDriver.out.dir/Core/Src/stm32f4xx_it.c.obj
                0x08001864                MemManage_Handler
 .text.BusFault_Handler
                0x08001866        0x2 CMakeFiles/UartDriver.out.dir/Core/Src/stm32f4xx_it.c.obj
                0x08001866                BusFault_Handler
 .text.UsageFault_Handler
                0x08001868        0x2 CMakeFiles/UartDriver.out.dir/Core/Src/stm32f4xx_it.c.obj
                0x08001868                UsageFault_Handler
 .text.DebugMon_Handler
                0x0800186a        0x2 CMakeFiles/UartDriver.out.dir/Core/Src/stm32f4xx_it.c.obj
                0x0800186a                DebugMon_Handler
 .text.SysTick_Handler
                0x0800186c       0x16 CMakeFiles/UartDriver.out.dir/Core/Src/stm32f4xx_it.c.obj
                0x0800186c                SysTick_Handler
 *fill*         0x08001882        0x2 
 .text.EXTI0_IRQHandler
                0x08001884       0x3c CMakeFiles/UartDriver.out.dir/Core/Src/stm32f4xx_it.c.obj
                0x08001884                EXTI0_IRQHandler
 .text.TIM6_DAC_IRQHandler
                0x080018c0       0x40 CMakeFiles/UartDriver.out.dir/Core/Src/stm32f4xx_it.c.obj
                0x080018c0                TIM6_DAC_IRQHandler
 .text.SystemInit
                0x08001900       0x14 CMakeFiles/UartDriver.out.dir/Core/Src/system_stm32f4xx.c.obj
                0x08001900                SystemInit
 .text.makeFreeRtosPriority
                0x08001914        0xc CMakeFiles/UartDriver.out.dir/Middlewares/Third_Party/FreeRTOS/Source/CMSIS_RTOS/cmsis_os.c.obj
 .text.osKernelStart
                0x08001920        0xa CMakeFiles/UartDriver.out.dir/Middlewares/Third_Party/FreeRTOS/Source/CMSIS_RTOS/cmsis_os.c.obj
                0x08001920                osKernelStart
 .text.osThreadCreate
                0x0800192a       0x6a CMakeFiles/UartDriver.out.dir/Middlewares/Third_Party/FreeRTOS/Source/CMSIS_RTOS/cmsis_os.c.obj
                0x0800192a                osThreadCreate
 .text.osDelay  0x08001994        0xe CMakeFiles/UartDriver.out.dir/Middlewares/Third_Party/FreeRTOS/Source/CMSIS_RTOS/cmsis_os.c.obj
                0x08001994                osDelay
 *fill*         0x080019a2        0x2 
 .text.prvTaskExitError
                0x080019a4       0x40 CMakeFiles/UartDriver.out.dir/Middlewares/Third_Party/FreeRTOS/Source/portable/GCC/ARM_CM4F/port.c.obj
 .text.prvPortStartFirstTask
                0x080019e4       0x28 CMakeFiles/UartDriver.out.dir/Middlewares/Third_Party/FreeRTOS/Source/portable/GCC/ARM_CM4F/port.c.obj
 .text.vPortEnableVFP
                0x08001a0c       0x14 CMakeFiles/UartDriver.out.dir/Middlewares/Third_Party/FreeRTOS/Source/portable/GCC/ARM_CM4F/port.c.obj
 .text.pxPortInitialiseStack
                0x08001a20       0x2c CMakeFiles/UartDriver.out.dir/Middlewares/Third_Party/FreeRTOS/Source/portable/GCC/ARM_CM4F/port.c.obj
                0x08001a20                pxPortInitialiseStack
 *fill*         0x08001a4c        0x4 
 .text.SVC_Handler
                0x08001a50       0x24 CMakeFiles/UartDriver.out.dir/Middlewares/Third_Party/FreeRTOS/Source/portable/GCC/ARM_CM4F/port.c.obj
                0x08001a50                SVC_Handler
 .text.vPortEnterCritical
                0x08001a74       0x44 CMakeFiles/UartDriver.out.dir/Middlewares/Third_Party/FreeRTOS/Source/portable/GCC/ARM_CM4F/port.c.obj
                0x08001a74                vPortEnterCritical
 .text.vPortExitCritical
                0x08001ab8       0x2c CMakeFiles/UartDriver.out.dir/Middlewares/Third_Party/FreeRTOS/Source/portable/GCC/ARM_CM4F/port.c.obj
                0x08001ab8                vPortExitCritical
 *fill*         0x08001ae4        0xc 
 .text.PendSV_Handler
                0x08001af0       0x64 CMakeFiles/UartDriver.out.dir/Middlewares/Third_Party/FreeRTOS/Source/portable/GCC/ARM_CM4F/port.c.obj
                0x08001af0                PendSV_Handler
 .text.xPortSysTickHandler
                0x08001b54       0x2c CMakeFiles/UartDriver.out.dir/Middlewares/Third_Party/FreeRTOS/Source/portable/GCC/ARM_CM4F/port.c.obj
                0x08001b54                xPortSysTickHandler
 .text.vPortSetupTimerInterrupt
                0x08001b80       0x28 CMakeFiles/UartDriver.out.dir/Middlewares/Third_Party/FreeRTOS/Source/portable/GCC/ARM_CM4F/port.c.obj
                0x08001b80                vPortSetupTimerInterrupt
 .text.xPortStartScheduler
                0x08001ba8      0x118 CMakeFiles/UartDriver.out.dir/Middlewares/Third_Party/FreeRTOS/Source/portable/GCC/ARM_CM4F/port.c.obj
                0x08001ba8                xPortStartScheduler
 .text.vPortValidateInterruptPriority
                0x08001cc0       0x5c CMakeFiles/UartDriver.out.dir/Middlewares/Third_Party/FreeRTOS/Source/portable/GCC/ARM_CM4F/port.c.obj
                0x08001cc0                vPortValidateInterruptPriority
 .text.vListInitialise
                0x08001d1c       0x16 CMakeFiles/UartDriver.out.dir/Middlewares/Third_Party/FreeRTOS/Source/list.c.obj
                0x08001d1c                vListInitialise
 .text.vListInitialiseItem
                0x08001d32        0x6 CMakeFiles/UartDriver.out.dir/Middlewares/Third_Party/FreeRTOS/Source/list.c.obj
                0x08001d32                vListInitialiseItem
 .text.vListInsertEnd
                0x08001d38       0x16 CMakeFiles/UartDriver.out.dir/Middlewares/Third_Party/FreeRTOS/Source/list.c.obj
                0x08001d38                vListInsertEnd
 .text.vListInsert
                0x08001d4e       0x32 CMakeFiles/UartDriver.out.dir/Middlewares/Third_Party/FreeRTOS/Source/list.c.obj
                0x08001d4e                vListInsert
 .text.uxListRemove
                0x08001d80       0x26 CMakeFiles/UartDriver.out.dir/Middlewares/Third_Party/FreeRTOS/Source/list.c.obj
                0x08001d80                uxListRemove
 .text.prvGetDisinheritPriorityAfterTimeout
                0x08001da6       0x10 CMakeFiles/UartDriver.out.dir/Middlewares/Third_Party/FreeRTOS/Source/queue.c.obj
 .text.prvIsQueueFull
                0x08001db6       0x1e CMakeFiles/UartDriver.out.dir/Middlewares/Third_Party/FreeRTOS/Source/queue.c.obj
 .text.prvIsQueueEmpty
                0x08001dd4       0x1a CMakeFiles/UartDriver.out.dir/Middlewares/Third_Party/FreeRTOS/Source/queue.c.obj
 .text.prvCopyDataToQueue
                0x08001dee       0x76 CMakeFiles/UartDriver.out.dir/Middlewares/Third_Party/FreeRTOS/Source/queue.c.obj
 .text.prvUnlockQueue
                0x08001e64       0x6e CMakeFiles/UartDriver.out.dir/Middlewares/Third_Party/FreeRTOS/Source/queue.c.obj
 .text.xQueueGenericReset
                0x08001ed2       0x84 CMakeFiles/UartDriver.out.dir/Middlewares/Third_Party/FreeRTOS/Source/queue.c.obj
                0x08001ed2                xQueueGenericReset
 .text.prvInitialiseNewQueue
                0x08001f56       0x1c CMakeFiles/UartDriver.out.dir/Middlewares/Third_Party/FreeRTOS/Source/queue.c.obj
 .text.xQueueGenericCreate
                0x08001f72       0x48 CMakeFiles/UartDriver.out.dir/Middlewares/Third_Party/FreeRTOS/Source/queue.c.obj
                0x08001f72                xQueueGenericCreate
 .text.xQueueGenericSend
                0x08001fba      0x188 CMakeFiles/UartDriver.out.dir/Middlewares/Third_Party/FreeRTOS/Source/queue.c.obj
                0x08001fba                xQueueGenericSend
 .text.xQueueGiveFromISR
                0x08002142       0xb2 CMakeFiles/UartDriver.out.dir/Middlewares/Third_Party/FreeRTOS/Source/queue.c.obj
                0x08002142                xQueueGiveFromISR
 .text.xQueueSemaphoreTake
                0x080021f4      0x1a6 CMakeFiles/UartDriver.out.dir/Middlewares/Third_Party/FreeRTOS/Source/queue.c.obj
                0x080021f4                xQueueSemaphoreTake
 *fill*         0x0800239a        0x2 
 .text.prvResetNextTaskUnblockTime
                0x0800239c       0x2c CMakeFiles/UartDriver.out.dir/Middlewares/Third_Party/FreeRTOS/Source/tasks.c.obj
 .text.prvInitialiseNewTask
                0x080023c8       0xa2 CMakeFiles/UartDriver.out.dir/Middlewares/Third_Party/FreeRTOS/Source/tasks.c.obj
 *fill*         0x0800246a        0x2 
 .text.prvInitialiseTaskLists
                0x0800246c       0x68 CMakeFiles/UartDriver.out.dir/Middlewares/Third_Party/FreeRTOS/Source/tasks.c.obj
 .text.prvAddNewTaskToReadyList
                0x080024d4       0xa8 CMakeFiles/UartDriver.out.dir/Middlewares/Third_Party/FreeRTOS/Source/tasks.c.obj
 .text.prvDeleteTCB
                0x0800257c       0x38 CMakeFiles/UartDriver.out.dir/Middlewares/Third_Party/FreeRTOS/Source/tasks.c.obj
 .text.prvCheckTasksWaitingTermination
                0x080025b4       0x4c CMakeFiles/UartDriver.out.dir/Middlewares/Third_Party/FreeRTOS/Source/tasks.c.obj
 .text.prvIdleTask
                0x08002600       0x28 CMakeFiles/UartDriver.out.dir/Middlewares/Third_Party/FreeRTOS/Source/tasks.c.obj
 .text.prvAddCurrentTaskToDelayedList
                0x08002628       0x98 CMakeFiles/UartDriver.out.dir/Middlewares/Third_Party/FreeRTOS/Source/tasks.c.obj
 .text.xTaskCreateStatic
                0x080026c0       0x76 CMakeFiles/UartDriver.out.dir/Middlewares/Third_Party/FreeRTOS/Source/tasks.c.obj
                0x080026c0                xTaskCreateStatic
 .text.xTaskCreate
                0x08002736       0x68 CMakeFiles/UartDriver.out.dir/Middlewares/Third_Party/FreeRTOS/Source/tasks.c.obj
                0x08002736                xTaskCreate
 *fill*         0x0800279e        0x2 
 .text.vTaskStartScheduler
                0x080027a0       0x74 CMakeFiles/UartDriver.out.dir/Middlewares/Third_Party/FreeRTOS/Source/tasks.c.obj
                0x080027a0                vTaskStartScheduler
 .text.vTaskSuspendAll
                0x08002814       0x10 CMakeFiles/UartDriver.out.dir/Middlewares/Third_Party/FreeRTOS/Source/tasks.c.obj
                0x08002814                vTaskSuspendAll
 .text.xTaskGetTickCount
                0x08002824        0xc CMakeFiles/UartDriver.out.dir/Middlewares/Third_Party/FreeRTOS/Source/tasks.c.obj
                0x08002824                xTaskGetTickCount
 .text.xTaskIncrementTick
                0x08002830      0x118 CMakeFiles/UartDriver.out.dir/Middlewares/Third_Party/FreeRTOS/Source/tasks.c.obj
                0x08002830                xTaskIncrementTick
 .text.xTaskResumeAll
                0x08002948       0xf8 CMakeFiles/UartDriver.out.dir/Middlewares/Third_Party/FreeRTOS/Source/tasks.c.obj
                0x08002948                xTaskResumeAll
 .text.vTaskDelay
                0x08002a40       0x4c CMakeFiles/UartDriver.out.dir/Middlewares/Third_Party/FreeRTOS/Source/tasks.c.obj
                0x08002a40                vTaskDelay
 .text.vTaskSwitchContext
                0x08002a8c       0x98 CMakeFiles/UartDriver.out.dir/Middlewares/Third_Party/FreeRTOS/Source/tasks.c.obj
                0x08002a8c                vTaskSwitchContext
 .text.vTaskPlaceOnEventList
                0x08002b24       0x30 CMakeFiles/UartDriver.out.dir/Middlewares/Third_Party/FreeRTOS/Source/tasks.c.obj
                0x08002b24                vTaskPlaceOnEventList
 .text.xTaskRemoveFromEventList
                0x08002b54       0x8c CMakeFiles/UartDriver.out.dir/Middlewares/Third_Party/FreeRTOS/Source/tasks.c.obj
                0x08002b54                xTaskRemoveFromEventList
 .text.vTaskInternalSetTimeOutState
                0x08002be0       0x18 CMakeFiles/UartDriver.out.dir/Middlewares/Third_Party/FreeRTOS/Source/tasks.c.obj
                0x08002be0                vTaskInternalSetTimeOutState
 .text.xTaskCheckForTimeOut
                0x08002bf8       0x84 CMakeFiles/UartDriver.out.dir/Middlewares/Third_Party/FreeRTOS/Source/tasks.c.obj
                0x08002bf8                xTaskCheckForTimeOut
 .text.vTaskMissedYield
                0x08002c7c        0xc CMakeFiles/UartDriver.out.dir/Middlewares/Third_Party/FreeRTOS/Source/tasks.c.obj
                0x08002c7c                vTaskMissedYield
 .text.xTaskGetSchedulerState
                0x08002c88       0x20 CMakeFiles/UartDriver.out.dir/Middlewares/Third_Party/FreeRTOS/Source/tasks.c.obj
                0x08002c88                xTaskGetSchedulerState
 .text.xTaskPriorityInherit
                0x08002ca8       0xac CMakeFiles/UartDriver.out.dir/Middlewares/Third_Party/FreeRTOS/Source/tasks.c.obj
                0x08002ca8                xTaskPriorityInherit
 .text.xTaskPriorityDisinherit
                0x08002d54       0xb4 CMakeFiles/UartDriver.out.dir/Middlewares/Third_Party/FreeRTOS/Source/tasks.c.obj
                0x08002d54                xTaskPriorityDisinherit
 .text.vTaskPriorityDisinheritAfterTimeout
                0x08002e08       0xb4 CMakeFiles/UartDriver.out.dir/Middlewares/Third_Party/FreeRTOS/Source/tasks.c.obj
                0x08002e08                vTaskPriorityDisinheritAfterTimeout
 .text.pvTaskIncrementMutexHeldCount
                0x08002ebc       0x1c CMakeFiles/UartDriver.out.dir/Middlewares/Third_Party/FreeRTOS/Source/tasks.c.obj
                0x08002ebc                pvTaskIncrementMutexHeldCount
 .text.prvHeapInit
                0x08002ed8       0x64 CMakeFiles/UartDriver.out.dir/Middlewares/Third_Party/FreeRTOS/Source/portable/MemMang/heap_4.c.obj
 .text.prvInsertBlockIntoFreeList
                0x08002f3c       0x64 CMakeFiles/UartDriver.out.dir/Middlewares/Third_Party/FreeRTOS/Source/portable/MemMang/heap_4.c.obj
 .text.pvPortMalloc
                0x08002fa0       0xfc CMakeFiles/UartDriver.out.dir/Middlewares/Third_Party/FreeRTOS/Source/portable/MemMang/heap_4.c.obj
                0x08002fa0                pvPortMalloc
 .text.vPortFree
                0x0800309c       0x7c CMakeFiles/UartDriver.out.dir/Middlewares/Third_Party/FreeRTOS/Source/portable/MemMang/heap_4.c.obj
                0x0800309c                vPortFree
 .text.Application_Init
                0x08003118       0x3c CMakeFiles/UartDriver.out.dir/Application/src/Application.c.obj
                0x08003118                Application_Init
 .text.Application_IntHandler
                0x08003154       0x4c CMakeFiles/UartDriver.out.dir/Application/src/Application.c.obj
                0x08003154                Application_IntHandler
 .text.Reset_Handler
                0x080031a0       0x50 CMakeFiles/UartDriver.out.dir/startup_stm32f407xx.s.obj
                0x080031a0                Reset_Handler
 .text.Default_Handler
                0x080031f0        0x2 CMakeFiles/UartDriver.out.dir/startup_stm32f407xx.s.obj
                0x080031f0                RTC_Alarm_IRQHandler
                0x080031f0                HASH_RNG_IRQHandler
                0x080031f0                EXTI2_IRQHandler
                0x080031f0                TIM8_CC_IRQHandler
                0x080031f0                TIM1_CC_IRQHandler
                0x080031f0                DMA2_Stream5_IRQHandler
                0x080031f0                DMA1_Stream5_IRQHandler
                0x080031f0                PVD_IRQHandler
                0x080031f0                SDIO_IRQHandler
                0x080031f0                TAMP_STAMP_IRQHandler
                0x080031f0                CAN2_RX1_IRQHandler
                0x080031f0                EXTI3_IRQHandler
                0x080031f0                TIM8_TRG_COM_TIM14_IRQHandler
                0x080031f0                TIM1_UP_TIM10_IRQHandler
                0x080031f0                TIM8_UP_TIM13_IRQHandler
                0x080031f0                I2C3_ER_IRQHandler
                0x080031f0                I2C2_EV_IRQHandler
                0x080031f0                DMA1_Stream2_IRQHandler
                0x080031f0                CAN1_RX0_IRQHandler
                0x080031f0                FPU_IRQHandler
                0x080031f0                OTG_HS_WKUP_IRQHandler
                0x080031f0                CAN2_SCE_IRQHandler
                0x080031f0                DMA2_Stream2_IRQHandler
                0x080031f0                SPI1_IRQHandler
                0x080031f0                TIM1_BRK_TIM9_IRQHandler
                0x080031f0                DCMI_IRQHandler
                0x080031f0                CAN2_RX0_IRQHandler
                0x080031f0                DMA2_Stream3_IRQHandler
                0x080031f0                USART6_IRQHandler
                0x080031f0                USART3_IRQHandler
                0x080031f0                CAN1_RX1_IRQHandler
                0x080031f0                UART5_IRQHandler
                0x080031f0                DMA2_Stream0_IRQHandler
                0x080031f0                TIM4_IRQHandler
                0x080031f0                I2C1_EV_IRQHandler
                0x080031f0                DMA1_Stream6_IRQHandler
                0x080031f0                DMA1_Stream1_IRQHandler
                0x080031f0                UART4_IRQHandler
                0x080031f0                TIM3_IRQHandler
                0x080031f0                RCC_IRQHandler
                0x080031f0                TIM8_BRK_TIM12_IRQHandler
                0x080031f0                Default_Handler
                0x080031f0                EXTI15_10_IRQHandler
                0x080031f0                ADC_IRQHandler
                0x080031f0                DMA1_Stream7_IRQHandler
                0x080031f0                TIM7_IRQHandler
                0x080031f0                CAN2_TX_IRQHandler
                0x080031f0                TIM5_IRQHandler
                0x080031f0                DMA2_Stream7_IRQHandler
                0x080031f0                I2C3_EV_IRQHandler
                0x080031f0                EXTI9_5_IRQHandler
                0x080031f0                RTC_WKUP_IRQHandler
                0x080031f0                ETH_WKUP_IRQHandler
                0x080031f0                SPI2_IRQHandler
                0x080031f0                OTG_HS_EP1_IN_IRQHandler
                0x080031f0                DMA1_Stream0_IRQHandler
                0x080031f0                CAN1_TX_IRQHandler
                0x080031f0                EXTI4_IRQHandler
                0x080031f0                FSMC_IRQHandler
                0x080031f0                ETH_IRQHandler
                0x080031f0                OTG_HS_EP1_OUT_IRQHandler
                0x080031f0                WWDG_IRQHandler
                0x080031f0                TIM2_IRQHandler
                0x080031f0                OTG_FS_WKUP_IRQHandler
                0x080031f0                TIM1_TRG_COM_TIM11_IRQHandler
                0x080031f0                OTG_HS_IRQHandler
                0x080031f0                EXTI1_IRQHandler
                0x080031f0                USART2_IRQHandler
                0x080031f0                I2C2_ER_IRQHandler
                0x080031f0                DMA2_Stream1_IRQHandler
                0x080031f0                CAN1_SCE_IRQHandler
                0x080031f0                FLASH_IRQHandler
                0x080031f0                DMA2_Stream4_IRQHandler
                0x080031f0                USART1_IRQHandler
                0x080031f0                OTG_FS_IRQHandler
                0x080031f0                SPI3_IRQHandler
                0x080031f0                DMA1_Stream4_IRQHandler
                0x080031f0                I2C1_ER_IRQHandler
                0x080031f0                DMA2_Stream6_IRQHandler
                0x080031f0                DMA1_Stream3_IRQHandler
 *(.glue_7)
 .glue_7        0x080031f2        0x0 linker stubs
 *(.glue_7t)
 .glue_7t       0x080031f2        0x0 linker stubs
 *(.eh_frame)
 *fill*         0x080031f2        0x2 
 .eh_frame      0x080031f4        0x0 c:/program files (x86)/gnu arm embedded toolchain/10 2021.10/bin/../lib/gcc/arm-none-eabi/10.3.1/thumb/v7e-m+fp/hard/crtbegin.o
 *(.init)
 .init          0x080031f4        0x4 c:/program files (x86)/gnu arm embedded toolchain/10 2021.10/bin/../lib/gcc/arm-none-eabi/10.3.1/thumb/v7e-m+fp/hard/crti.o
                0x080031f4                _init
 .init          0x080031f8        0x8 c:/program files (x86)/gnu arm embedded toolchain/10 2021.10/bin/../lib/gcc/arm-none-eabi/10.3.1/thumb/v7e-m+fp/hard/crtn.o
 *(.fini)
 .fini          0x08003200        0x4 c:/program files (x86)/gnu arm embedded toolchain/10 2021.10/bin/../lib/gcc/arm-none-eabi/10.3.1/thumb/v7e-m+fp/hard/crti.o
                0x08003200                _fini
 .fini          0x08003204        0x8 c:/program files (x86)/gnu arm embedded toolchain/10 2021.10/bin/../lib/gcc/arm-none-eabi/10.3.1/thumb/v7e-m+fp/hard/crtn.o
                0x0800320c                . = ALIGN (0x4)
                0x0800320c                _etext = .

.vfp11_veneer   0x0800320c        0x0
 .vfp11_veneer  0x0800320c        0x0 linker stubs

.v4_bx          0x0800320c        0x0
 .v4_bx         0x0800320c        0x0 linker stubs

.iplt           0x0800320c        0x0
 .iplt          0x0800320c        0x0 c:/program files (x86)/gnu arm embedded toolchain/10 2021.10/bin/../lib/gcc/arm-none-eabi/10.3.1/thumb/v7e-m+fp/hard/crtbegin.o

.rodata         0x0800320c       0x60
                0x0800320c                . = ALIGN (0x4)
 *(.rodata)
 .rodata        0x0800320c       0x1c CMakeFiles/UartDriver.out.dir/Core/Src/main.c.obj
 *(.rodata*)
 .rodata._global_impure_ptr
                0x08003228        0x4 c:/program files (x86)/gnu arm embedded toolchain/10 2021.10/bin/../lib/gcc/arm-none-eabi/10.3.1/../../../../arm-none-eabi/lib/thumb/v7e-m+fp/hard\libc.a(lib_a-impure.o)
                0x08003228                _global_impure_ptr
 .rodata.str1.4
                0x0800322c        0xc CMakeFiles/UartDriver.out.dir/Core/Src/main.c.obj
 .rodata.main.str1.4
                0x08003238       0x1c CMakeFiles/UartDriver.out.dir/Core/Src/main.c.obj
 .rodata.AHBPrescTable
                0x08003254       0x10 CMakeFiles/UartDriver.out.dir/Core/Src/system_stm32f4xx.c.obj
                0x08003254                AHBPrescTable
 .rodata.vTaskStartScheduler.str1.4
                0x08003264        0x5 CMakeFiles/UartDriver.out.dir/Middlewares/Third_Party/FreeRTOS/Source/tasks.c.obj
                0x0800326c                . = ALIGN (0x4)
 *fill*         0x08003269        0x3 

.ARM.extab
 *(.ARM.extab* .gnu.linkonce.armextab.*)

.ARM            0x0800326c        0x8
                0x0800326c                __exidx_start = .
 *(.ARM.exidx*)
 .ARM.exidx     0x0800326c        0x8 c:/program files (x86)/gnu arm embedded toolchain/10 2021.10/bin/../lib/gcc/arm-none-eabi/10.3.1/thumb/v7e-m+fp/hard\libgcc.a(_udivmoddi4.o)
                0x08003274                __exidx_end = .

.rel.dyn        0x08003274        0x0
 .rel.iplt      0x08003274        0x0 c:/program files (x86)/gnu arm embedded toolchain/10 2021.10/bin/../lib/gcc/arm-none-eabi/10.3.1/thumb/v7e-m+fp/hard/crtbegin.o

.preinit_array  0x08003274        0x0
                0x08003274                PROVIDE (__preinit_array_start = .)
 *(.preinit_array*)
                0x08003274                PROVIDE (__preinit_array_end = .)

.init_array     0x08003274        0x8
                0x08003274                PROVIDE (__init_array_start = .)
 *(SORT_BY_NAME(.init_array.*))
 .init_array.00000
                0x08003274        0x4 c:/program files (x86)/gnu arm embedded toolchain/10 2021.10/bin/../lib/gcc/arm-none-eabi/10.3.1/../../../../arm-none-eabi/lib/thumb/v7e-m+fp/hard\libc.a(lib_a-__call_atexit.o)
 *(.init_array*)
 .init_array    0x08003278        0x4 c:/program files (x86)/gnu arm embedded toolchain/10 2021.10/bin/../lib/gcc/arm-none-eabi/10.3.1/thumb/v7e-m+fp/hard/crtbegin.o
                0x0800327c                PROVIDE (__init_array_end = .)

.fini_array     0x0800327c        0x4
                0x0800327c                PROVIDE (__fini_array_start = .)
 *(SORT_BY_NAME(.fini_array.*))
 *(.fini_array*)
 .fini_array    0x0800327c        0x4 c:/program files (x86)/gnu arm embedded toolchain/10 2021.10/bin/../lib/gcc/arm-none-eabi/10.3.1/thumb/v7e-m+fp/hard/crtbegin.o
                0x08003280                PROVIDE (__fini_array_end = .)
                0x08003280                _sidata = LOADADDR (.data)

.data           0x20000000      0x448 load address 0x08003280
                0x20000000                . = ALIGN (0x4)
                0x20000000                _sdata = .
 *(.data)
 *(.data*)
 .data.impure_data
                0x20000000      0x428 c:/program files (x86)/gnu arm embedded toolchain/10 2021.10/bin/../lib/gcc/arm-none-eabi/10.3.1/../../../../arm-none-eabi/lib/thumb/v7e-m+fp/hard\libc.a(lib_a-impure.o)
 .data.__atexit_recursive_mutex
                0x20000428        0x4 c:/program files (x86)/gnu arm embedded toolchain/10 2021.10/bin/../lib/gcc/arm-none-eabi/10.3.1/../../../../arm-none-eabi/lib/thumb/v7e-m+fp/hard\libc.a(lib_a-__call_atexit.o)
                0x20000428                __atexit_recursive_mutex
 .data.uwTickFreq
                0x2000042c        0x1 CMakeFiles/UartDriver.out.dir/Drivers/STM32F4xx_HAL_Driver/Src/stm32f4xx_hal.c.obj
                0x2000042c                uwTickFreq
 *fill*         0x2000042d        0x3 
 .data.uwTickPrio
                0x20000430        0x4 CMakeFiles/UartDriver.out.dir/Drivers/STM32F4xx_HAL_Driver/Src/stm32f4xx_hal.c.obj
                0x20000430                uwTickPrio
 *fill*         0x20000434        0x4 
 .data.delay    0x20000438        0x8 CMakeFiles/UartDriver.out.dir/Core/Src/main.c.obj
                0x20000438                delay
 .data.SystemCoreClock
                0x20000440        0x4 CMakeFiles/UartDriver.out.dir/Core/Src/system_stm32f4xx.c.obj
                0x20000440                SystemCoreClock
 .data.uxCriticalNesting
                0x20000444        0x4 CMakeFiles/UartDriver.out.dir/Middlewares/Third_Party/FreeRTOS/Source/portable/GCC/ARM_CM4F/port.c.obj
                0x20000448                . = ALIGN (0x4)
                0x20000448                _edata = .
                0x080036c8                _siccmram = LOADADDR (.ccmram)

.igot.plt       0x20000448        0x0 load address 0x080036c8
 .igot.plt      0x20000448        0x0 c:/program files (x86)/gnu arm embedded toolchain/10 2021.10/bin/../lib/gcc/arm-none-eabi/10.3.1/thumb/v7e-m+fp/hard/crtbegin.o

.ccmram         0x10000000        0x0 load address 0x080036c8
                0x10000000                . = ALIGN (0x4)
                0x10000000                _sccmram = .
 *(.ccmram)
 *(.ccmram*)
                0x10000000                . = ALIGN (0x4)
                0x10000000                _eccmram = .
                0x10000000                . = ALIGN (0x4)

.bss            0x20000448     0x4020
                0x20000448                _sbss = .
                0x20000448                __bss_start__ = _sbss
 *(.bss)
 .bss           0x20000448       0x1c c:/program files (x86)/gnu arm embedded toolchain/10 2021.10/bin/../lib/gcc/arm-none-eabi/10.3.1/thumb/v7e-m+fp/hard/crtbegin.o
 *(.bss*)
 .bss.__lock___atexit_recursive_mutex
                0x20000464        0x1 c:/program files (x86)/gnu arm embedded toolchain/10 2021.10/bin/../lib/gcc/arm-none-eabi/10.3.1/../../../../arm-none-eabi/lib/thumb/v7e-m+fp/hard\libc.a(lib_a-lock.o)
                0x20000464                __lock___atexit_recursive_mutex
 *fill*         0x20000465        0x3 
 .bss.uwTick    0x20000468        0x4 CMakeFiles/UartDriver.out.dir/Drivers/STM32F4xx_HAL_Driver/Src/stm32f4xx_hal.c.obj
                0x20000468                uwTick
 .bss.defaultTaskHandle
                0x2000046c        0x4 CMakeFiles/UartDriver.out.dir/Core/Src/main.c.obj
                0x2000046c                defaultTaskHandle
 .bss.htim6     0x20000470       0x48 CMakeFiles/UartDriver.out.dir/Core/Src/main.c.obj
                0x20000470                htim6
 .bss.xSemaphore
                0x200004b8        0x4 CMakeFiles/UartDriver.out.dir/Core/Src/main.c.obj
                0x200004b8                xSemaphore
 .bss.xTimerSemaphor
                0x200004bc        0x4 CMakeFiles/UartDriver.out.dir/Core/Src/main.c.obj
                0x200004bc                xTimerSemaphor
 .bss.xIdleStack
                0x200004c0      0x200 CMakeFiles/UartDriver.out.dir/Core/Src/freertos.c.obj
 .bss.xIdleTaskTCBBuffer
                0x200006c0       0x54 CMakeFiles/UartDriver.out.dir/Core/Src/freertos.c.obj
 .bss.ucMaxSysCallPriority
                0x20000714        0x1 CMakeFiles/UartDriver.out.dir/Middlewares/Third_Party/FreeRTOS/Source/portable/GCC/ARM_CM4F/port.c.obj
 *fill*         0x20000715        0x3 
 .bss.ulMaxPRIGROUPValue
                0x20000718        0x4 CMakeFiles/UartDriver.out.dir/Middlewares/Third_Party/FreeRTOS/Source/portable/GCC/ARM_CM4F/port.c.obj
 .bss.pxCurrentTCB
                0x2000071c        0x4 CMakeFiles/UartDriver.out.dir/Middlewares/Third_Party/FreeRTOS/Source/tasks.c.obj
                0x2000071c                pxCurrentTCB
 .bss.pxDelayedTaskList
                0x20000720        0x4 CMakeFiles/UartDriver.out.dir/Middlewares/Third_Party/FreeRTOS/Source/tasks.c.obj
 .bss.pxOverflowDelayedTaskList
                0x20000724        0x4 CMakeFiles/UartDriver.out.dir/Middlewares/Third_Party/FreeRTOS/Source/tasks.c.obj
 .bss.pxReadyTasksLists
                0x20000728       0x8c CMakeFiles/UartDriver.out.dir/Middlewares/Third_Party/FreeRTOS/Source/tasks.c.obj
 .bss.uxCurrentNumberOfTasks
                0x200007b4        0x4 CMakeFiles/UartDriver.out.dir/Middlewares/Third_Party/FreeRTOS/Source/tasks.c.obj
 .bss.uxDeletedTasksWaitingCleanUp
                0x200007b8        0x4 CMakeFiles/UartDriver.out.dir/Middlewares/Third_Party/FreeRTOS/Source/tasks.c.obj
 .bss.uxSchedulerSuspended
                0x200007bc        0x4 CMakeFiles/UartDriver.out.dir/Middlewares/Third_Party/FreeRTOS/Source/tasks.c.obj
 .bss.uxTaskNumber
                0x200007c0        0x4 CMakeFiles/UartDriver.out.dir/Middlewares/Third_Party/FreeRTOS/Source/tasks.c.obj
 .bss.uxTopReadyPriority
                0x200007c4        0x4 CMakeFiles/UartDriver.out.dir/Middlewares/Third_Party/FreeRTOS/Source/tasks.c.obj
 .bss.xDelayedTaskList1
                0x200007c8       0x14 CMakeFiles/UartDriver.out.dir/Middlewares/Third_Party/FreeRTOS/Source/tasks.c.obj
 .bss.xDelayedTaskList2
                0x200007dc       0x14 CMakeFiles/UartDriver.out.dir/Middlewares/Third_Party/FreeRTOS/Source/tasks.c.obj
 .bss.xIdleTaskHandle
                0x200007f0        0x4 CMakeFiles/UartDriver.out.dir/Middlewares/Third_Party/FreeRTOS/Source/tasks.c.obj
 .bss.xNextTaskUnblockTime
                0x200007f4        0x4 CMakeFiles/UartDriver.out.dir/Middlewares/Third_Party/FreeRTOS/Source/tasks.c.obj
 .bss.xNumOfOverflows
                0x200007f8        0x4 CMakeFiles/UartDriver.out.dir/Middlewares/Third_Party/FreeRTOS/Source/tasks.c.obj
 .bss.xPendedTicks
                0x200007fc        0x4 CMakeFiles/UartDriver.out.dir/Middlewares/Third_Party/FreeRTOS/Source/tasks.c.obj
 .bss.xPendingReadyList
                0x20000800       0x14 CMakeFiles/UartDriver.out.dir/Middlewares/Third_Party/FreeRTOS/Source/tasks.c.obj
 .bss.xSchedulerRunning
                0x20000814        0x4 CMakeFiles/UartDriver.out.dir/Middlewares/Third_Party/FreeRTOS/Source/tasks.c.obj
 .bss.xSuspendedTaskList
                0x20000818       0x14 CMakeFiles/UartDriver.out.dir/Middlewares/Third_Party/FreeRTOS/Source/tasks.c.obj
 .bss.xTasksWaitingTermination
                0x2000082c       0x14 CMakeFiles/UartDriver.out.dir/Middlewares/Third_Party/FreeRTOS/Source/tasks.c.obj
 .bss.xTickCount
                0x20000840        0x4 CMakeFiles/UartDriver.out.dir/Middlewares/Third_Party/FreeRTOS/Source/tasks.c.obj
 .bss.xYieldPending
                0x20000844        0x4 CMakeFiles/UartDriver.out.dir/Middlewares/Third_Party/FreeRTOS/Source/tasks.c.obj
 .bss.pxEnd     0x20000848        0x4 CMakeFiles/UartDriver.out.dir/Middlewares/Third_Party/FreeRTOS/Source/portable/MemMang/heap_4.c.obj
 .bss.ucHeap    0x2000084c     0x3c00 CMakeFiles/UartDriver.out.dir/Middlewares/Third_Party/FreeRTOS/Source/portable/MemMang/heap_4.c.obj
 .bss.xBlockAllocatedBit
                0x2000444c        0x4 CMakeFiles/UartDriver.out.dir/Middlewares/Third_Party/FreeRTOS/Source/portable/MemMang/heap_4.c.obj
 .bss.xFreeBytesRemaining
                0x20004450        0x4 CMakeFiles/UartDriver.out.dir/Middlewares/Third_Party/FreeRTOS/Source/portable/MemMang/heap_4.c.obj
 .bss.xMinimumEverFreeBytesRemaining
                0x20004454        0x4 CMakeFiles/UartDriver.out.dir/Middlewares/Third_Party/FreeRTOS/Source/portable/MemMang/heap_4.c.obj
 .bss.xNumberOfSuccessfulAllocations
                0x20004458        0x4 CMakeFiles/UartDriver.out.dir/Middlewares/Third_Party/FreeRTOS/Source/portable/MemMang/heap_4.c.obj
 .bss.xNumberOfSuccessfulFrees
                0x2000445c        0x4 CMakeFiles/UartDriver.out.dir/Middlewares/Third_Party/FreeRTOS/Source/portable/MemMang/heap_4.c.obj
 .bss.xStart    0x20004460        0x8 CMakeFiles/UartDriver.out.dir/Middlewares/Third_Party/FreeRTOS/Source/portable/MemMang/heap_4.c.obj
 *(COMMON)
                0x20004468                . = ALIGN (0x4)
                0x20004468                _ebss = .
                0x20004468                __bss_end__ = _ebss

._user_heap_stack
                0x20004468      0x600
                0x20004468                . = ALIGN (0x8)
                [!provide]                PROVIDE (end = .)
                [!provide]                PROVIDE (_end = .)
                0x20004668                . = (. + _Min_Heap_Size)
 *fill*         0x20004468      0x200 
                0x20004a68                . = (. + _Min_Stack_Size)
 *fill*         0x20004668      0x400 
                0x20004a68                . = ALIGN (0x8)

/DISCARD/
 libc.a(*)
 libm.a(*)
 libgcc.a(*)

.ARM.attributes
                0x00000000       0x30
 *(.ARM.attributes)
 .ARM.attributes
                0x00000000       0x1e c:/program files (x86)/gnu arm embedded toolchain/10 2021.10/bin/../lib/gcc/arm-none-eabi/10.3.1/thumb/v7e-m+fp/hard/crti.o
 .ARM.attributes
                0x0000001e       0x34 c:/program files (x86)/gnu arm embedded toolchain/10 2021.10/bin/../lib/gcc/arm-none-eabi/10.3.1/thumb/v7e-m+fp/hard/crtbegin.o
 .ARM.attributes
                0x00000052       0x34 c:/program files (x86)/gnu arm embedded toolchain/10 2021.10/bin/../lib/gcc/arm-none-eabi/10.3.1/../../../../arm-none-eabi/lib/thumb/v7e-m+fp/hard\libc.a(lib_a-impure.o)
 .ARM.attributes
                0x00000086       0x34 c:/program files (x86)/gnu arm embedded toolchain/10 2021.10/bin/../lib/gcc/arm-none-eabi/10.3.1/../../../../arm-none-eabi/lib/thumb/v7e-m+fp/hard\libc.a(lib_a-init.o)
 .ARM.attributes
                0x000000ba       0x34 c:/program files (x86)/gnu arm embedded toolchain/10 2021.10/bin/../lib/gcc/arm-none-eabi/10.3.1/../../../../arm-none-eabi/lib/thumb/v7e-m+fp/hard\libc.a(lib_a-memset.o)
 .ARM.attributes
                0x000000ee       0x34 c:/program files (x86)/gnu arm embedded toolchain/10 2021.10/bin/../lib/gcc/arm-none-eabi/10.3.1/../../../../arm-none-eabi/lib/thumb/v7e-m+fp/hard\libc.a(lib_a-__call_atexit.o)
 .ARM.attributes
                0x00000122       0x34 c:/program files (x86)/gnu arm embedded toolchain/10 2021.10/bin/../lib/gcc/arm-none-eabi/10.3.1/../../../../arm-none-eabi/lib/thumb/v7e-m+fp/hard\libc.a(lib_a-atexit.o)
 .ARM.attributes
                0x00000156       0x34 c:/program files (x86)/gnu arm embedded toolchain/10 2021.10/bin/../lib/gcc/arm-none-eabi/10.3.1/../../../../arm-none-eabi/lib/thumb/v7e-m+fp/hard\libc.a(lib_a-fini.o)
 .ARM.attributes
                0x0000018a       0x34 c:/program files (x86)/gnu arm embedded toolchain/10 2021.10/bin/../lib/gcc/arm-none-eabi/10.3.1/../../../../arm-none-eabi/lib/thumb/v7e-m+fp/hard\libc.a(lib_a-lock.o)
 .ARM.attributes
                0x000001be       0x34 c:/program files (x86)/gnu arm embedded toolchain/10 2021.10/bin/../lib/gcc/arm-none-eabi/10.3.1/../../../../arm-none-eabi/lib/thumb/v7e-m+fp/hard\libc.a(lib_a-__atexit.o)
 .ARM.attributes
                0x000001f2       0x34 CMakeFiles/UartDriver.out.dir/Drivers/STM32F4xx_HAL_Driver/Src/stm32f4xx_hal_tim.c.obj
 .ARM.attributes
                0x00000226       0x34 CMakeFiles/UartDriver.out.dir/Drivers/STM32F4xx_HAL_Driver/Src/stm32f4xx_hal_tim_ex.c.obj
 .ARM.attributes
                0x0000025a       0x34 CMakeFiles/UartDriver.out.dir/Drivers/STM32F4xx_HAL_Driver/Src/stm32f4xx_hal_rcc.c.obj
 .ARM.attributes
                0x0000028e       0x34 CMakeFiles/UartDriver.out.dir/Drivers/STM32F4xx_HAL_Driver/Src/stm32f4xx_hal_gpio.c.obj
 .ARM.attributes
                0x000002c2       0x34 CMakeFiles/UartDriver.out.dir/Drivers/STM32F4xx_HAL_Driver/Src/stm32f4xx_hal_cortex.c.obj
 .ARM.attributes
                0x000002f6       0x34 CMakeFiles/UartDriver.out.dir/Drivers/STM32F4xx_HAL_Driver/Src/stm32f4xx_hal.c.obj
 .ARM.attributes
                0x0000032a       0x34 CMakeFiles/UartDriver.out.dir/Core/Src/main.c.obj
 .ARM.attributes
                0x0000035e       0x34 CMakeFiles/UartDriver.out.dir/Core/Src/freertos.c.obj
 .ARM.attributes
                0x00000392       0x34 CMakeFiles/UartDriver.out.dir/Core/Src/stm32f4xx_hal_msp.c.obj
 .ARM.attributes
                0x000003c6       0x34 CMakeFiles/UartDriver.out.dir/Core/Src/stm32f4xx_it.c.obj
 .ARM.attributes
                0x000003fa       0x34 CMakeFiles/UartDriver.out.dir/Core/Src/system_stm32f4xx.c.obj
 .ARM.attributes
                0x0000042e       0x34 CMakeFiles/UartDriver.out.dir/Middlewares/Third_Party/FreeRTOS/Source/CMSIS_RTOS/cmsis_os.c.obj
 .ARM.attributes
                0x00000462       0x34 CMakeFiles/UartDriver.out.dir/Middlewares/Third_Party/FreeRTOS/Source/portable/GCC/ARM_CM4F/port.c.obj
 .ARM.attributes
                0x00000496       0x34 CMakeFiles/UartDriver.out.dir/Middlewares/Third_Party/FreeRTOS/Source/list.c.obj
 .ARM.attributes
                0x000004ca       0x34 CMakeFiles/UartDriver.out.dir/Middlewares/Third_Party/FreeRTOS/Source/queue.c.obj
 .ARM.attributes
                0x000004fe       0x34 CMakeFiles/UartDriver.out.dir/Middlewares/Third_Party/FreeRTOS/Source/tasks.c.obj
 .ARM.attributes
                0x00000532       0x34 CMakeFiles/UartDriver.out.dir/Middlewares/Third_Party/FreeRTOS/Source/portable/MemMang/heap_4.c.obj
 .ARM.attributes
                0x00000566       0x34 CMakeFiles/UartDriver.out.dir/Application/src/Application.c.obj
 .ARM.attributes
                0x0000059a       0x21 CMakeFiles/UartDriver.out.dir/startup_stm32f407xx.s.obj
 .ARM.attributes
                0x000005bb       0x1e c:/program files (x86)/gnu arm embedded toolchain/10 2021.10/bin/../lib/gcc/arm-none-eabi/10.3.1/thumb/v7e-m+fp/hard\libgcc.a(_aeabi_uldivmod.o)
 .ARM.attributes
                0x000005d9       0x34 c:/program files (x86)/gnu arm embedded toolchain/10 2021.10/bin/../lib/gcc/arm-none-eabi/10.3.1/thumb/v7e-m+fp/hard\libgcc.a(_udivmoddi4.o)
 .ARM.attributes
                0x0000060d       0x1e c:/program files (x86)/gnu arm embedded toolchain/10 2021.10/bin/../lib/gcc/arm-none-eabi/10.3.1/thumb/v7e-m+fp/hard\libgcc.a(_dvmd_tls.o)
 .ARM.attributes
                0x0000062b       0x1c c:/program files (x86)/gnu arm embedded toolchain/10 2021.10/bin/../lib/gcc/arm-none-eabi/10.3.1/../../../../arm-none-eabi/lib/thumb/v7e-m+fp/hard\libg.a(lib_a-memcpy.o)
 .ARM.attributes
                0x00000647       0x1e c:/program files (x86)/gnu arm embedded toolchain/10 2021.10/bin/../lib/gcc/arm-none-eabi/10.3.1/thumb/v7e-m+fp/hard/crtn.o
OUTPUT(UartDriver.out elf32-littlearm)
LOAD linker stubs
LOAD c:/program files (x86)/gnu arm embedded toolchain/10 2021.10/bin/../lib/gcc/arm-none-eabi/10.3.1/../../../../arm-none-eabi/lib/thumb/v7e-m+fp/hard\libc.a
LOAD c:/program files (x86)/gnu arm embedded toolchain/10 2021.10/bin/../lib/gcc/arm-none-eabi/10.3.1/../../../../arm-none-eabi/lib/thumb/v7e-m+fp/hard\libm.a
LOAD c:/program files (x86)/gnu arm embedded toolchain/10 2021.10/bin/../lib/gcc/arm-none-eabi/10.3.1/thumb/v7e-m+fp/hard\libgcc.a

.debug_frame    0x00000000     0x2a14
 .debug_frame   0x00000000       0x2c c:/program files (x86)/gnu arm embedded toolchain/10 2021.10/bin/../lib/gcc/arm-none-eabi/10.3.1/../../../../arm-none-eabi/lib/thumb/v7e-m+fp/hard\libc.a(lib_a-init.o)
 .debug_frame   0x0000002c       0x2c c:/program files (x86)/gnu arm embedded toolchain/10 2021.10/bin/../lib/gcc/arm-none-eabi/10.3.1/../../../../arm-none-eabi/lib/thumb/v7e-m+fp/hard\libc.a(lib_a-memset.o)
 .debug_frame   0x00000058       0x68 c:/program files (x86)/gnu arm embedded toolchain/10 2021.10/bin/../lib/gcc/arm-none-eabi/10.3.1/../../../../arm-none-eabi/lib/thumb/v7e-m+fp/hard\libc.a(lib_a-__call_atexit.o)
 .debug_frame   0x000000c0       0x20 c:/program files (x86)/gnu arm embedded toolchain/10 2021.10/bin/../lib/gcc/arm-none-eabi/10.3.1/../../../../arm-none-eabi/lib/thumb/v7e-m+fp/hard\libc.a(lib_a-atexit.o)
 .debug_frame   0x000000e0       0x34 c:/program files (x86)/gnu arm embedded toolchain/10 2021.10/bin/../lib/gcc/arm-none-eabi/10.3.1/../../../../arm-none-eabi/lib/thumb/v7e-m+fp/hard\libc.a(lib_a-fini.o)
 .debug_frame   0x00000114       0xb0 c:/program files (x86)/gnu arm embedded toolchain/10 2021.10/bin/../lib/gcc/arm-none-eabi/10.3.1/../../../../arm-none-eabi/lib/thumb/v7e-m+fp/hard\libc.a(lib_a-lock.o)
 .debug_frame   0x000001c4       0x34 c:/program files (x86)/gnu arm embedded toolchain/10 2021.10/bin/../lib/gcc/arm-none-eabi/10.3.1/../../../../arm-none-eabi/lib/thumb/v7e-m+fp/hard\libc.a(lib_a-__atexit.o)
 .debug_frame   0x000001f8      0xb0c CMakeFiles/UartDriver.out.dir/Drivers/STM32F4xx_HAL_Driver/Src/stm32f4xx_hal_tim.c.obj
 .debug_frame   0x00000d04      0x40c CMakeFiles/UartDriver.out.dir/Drivers/STM32F4xx_HAL_Driver/Src/stm32f4xx_hal_tim_ex.c.obj
 .debug_frame   0x00001110      0x16c CMakeFiles/UartDriver.out.dir/Drivers/STM32F4xx_HAL_Driver/Src/stm32f4xx_hal_rcc.c.obj
 .debug_frame   0x0000127c       0xd8 CMakeFiles/UartDriver.out.dir/Drivers/STM32F4xx_HAL_Driver/Src/stm32f4xx_hal_gpio.c.obj
 .debug_frame   0x00001354      0x148 CMakeFiles/UartDriver.out.dir/Drivers/STM32F4xx_HAL_Driver/Src/stm32f4xx_hal_cortex.c.obj
 .debug_frame   0x0000149c      0x1ec CMakeFiles/UartDriver.out.dir/Drivers/STM32F4xx_HAL_Driver/Src/stm32f4xx_hal.c.obj
 .debug_frame   0x00001688       0xb4 CMakeFiles/UartDriver.out.dir/Core/Src/main.c.obj
 .debug_frame   0x0000173c       0x20 CMakeFiles/UartDriver.out.dir/Core/Src/freertos.c.obj
 .debug_frame   0x0000175c       0x60 CMakeFiles/UartDriver.out.dir/Core/Src/stm32f4xx_hal_msp.c.obj
 .debug_frame   0x000017bc       0xc0 CMakeFiles/UartDriver.out.dir/Core/Src/stm32f4xx_it.c.obj
 .debug_frame   0x0000187c       0x30 CMakeFiles/UartDriver.out.dir/Core/Src/system_stm32f4xx.c.obj
 .debug_frame   0x000018ac      0x58c CMakeFiles/UartDriver.out.dir/Middlewares/Third_Party/FreeRTOS/Source/CMSIS_RTOS/cmsis_os.c.obj
 .debug_frame   0x00001e38      0x110 CMakeFiles/UartDriver.out.dir/Middlewares/Third_Party/FreeRTOS/Source/portable/GCC/ARM_CM4F/port.c.obj
 .debug_frame   0x00001f48       0x70 CMakeFiles/UartDriver.out.dir/Middlewares/Third_Party/FreeRTOS/Source/list.c.obj
 .debug_frame   0x00001fb8      0x35c CMakeFiles/UartDriver.out.dir/Middlewares/Third_Party/FreeRTOS/Source/queue.c.obj
 .debug_frame   0x00002314      0x58c CMakeFiles/UartDriver.out.dir/Middlewares/Third_Party/FreeRTOS/Source/tasks.c.obj
 .debug_frame   0x000028a0       0xd0 CMakeFiles/UartDriver.out.dir/Middlewares/Third_Party/FreeRTOS/Source/portable/MemMang/heap_4.c.obj
 .debug_frame   0x00002970       0x44 CMakeFiles/UartDriver.out.dir/Application/src/Application.c.obj
 .debug_frame   0x000029b4       0x2c c:/program files (x86)/gnu arm embedded toolchain/10 2021.10/bin/../lib/gcc/arm-none-eabi/10.3.1/thumb/v7e-m+fp/hard\libgcc.a(_aeabi_uldivmod.o)
 .debug_frame   0x000029e0       0x34 c:/program files (x86)/gnu arm embedded toolchain/10 2021.10/bin/../lib/gcc/arm-none-eabi/10.3.1/thumb/v7e-m+fp/hard\libgcc.a(_udivmoddi4.o)

.debug_info     0x00000000    0x13c44
 .debug_info    0x00000000     0x3d5b CMakeFiles/UartDriver.out.dir/Drivers/STM32F4xx_HAL_Driver/Src/stm32f4xx_hal_tim.c.obj
 .debug_info    0x00003d5b     0x1ade CMakeFiles/UartDriver.out.dir/Drivers/STM32F4xx_HAL_Driver/Src/stm32f4xx_hal_tim_ex.c.obj
 .debug_info    0x00005839      0xb03 CMakeFiles/UartDriver.out.dir/Drivers/STM32F4xx_HAL_Driver/Src/stm32f4xx_hal_rcc.c.obj
 .debug_info    0x0000633c      0x7b0 CMakeFiles/UartDriver.out.dir/Drivers/STM32F4xx_HAL_Driver/Src/stm32f4xx_hal_gpio.c.obj
 .debug_info    0x00006aec     0x1098 CMakeFiles/UartDriver.out.dir/Drivers/STM32F4xx_HAL_Driver/Src/stm32f4xx_hal_cortex.c.obj
 .debug_info    0x00007b84      0x9f0 CMakeFiles/UartDriver.out.dir/Drivers/STM32F4xx_HAL_Driver/Src/stm32f4xx_hal.c.obj
 .debug_info    0x00008574     0x154c CMakeFiles/UartDriver.out.dir/Core/Src/main.c.obj
 .debug_info    0x00009ac0      0x28d CMakeFiles/UartDriver.out.dir/Core/Src/freertos.c.obj
 .debug_info    0x00009d4d      0xb8a CMakeFiles/UartDriver.out.dir/Core/Src/stm32f4xx_hal_msp.c.obj
 .debug_info    0x0000a8d7      0x834 CMakeFiles/UartDriver.out.dir/Core/Src/stm32f4xx_it.c.obj
 .debug_info    0x0000b10b      0x538 CMakeFiles/UartDriver.out.dir/Core/Src/system_stm32f4xx.c.obj
 .debug_info    0x0000b643     0x222b CMakeFiles/UartDriver.out.dir/Middlewares/Third_Party/FreeRTOS/Source/CMSIS_RTOS/cmsis_os.c.obj
 .debug_info    0x0000d86e      0x587 CMakeFiles/UartDriver.out.dir/Middlewares/Third_Party/FreeRTOS/Source/portable/GCC/ARM_CM4F/port.c.obj
 .debug_info    0x0000ddf5      0x2e0 CMakeFiles/UartDriver.out.dir/Middlewares/Third_Party/FreeRTOS/Source/list.c.obj
 .debug_info    0x0000e0d5     0x22ff CMakeFiles/UartDriver.out.dir/Middlewares/Third_Party/FreeRTOS/Source/queue.c.obj
 .debug_info    0x000103d4     0x2971 CMakeFiles/UartDriver.out.dir/Middlewares/Third_Party/FreeRTOS/Source/tasks.c.obj
 .debug_info    0x00012d45      0x5d9 CMakeFiles/UartDriver.out.dir/Middlewares/Third_Party/FreeRTOS/Source/portable/MemMang/heap_4.c.obj
 .debug_info    0x0001331e      0x904 CMakeFiles/UartDriver.out.dir/Application/src/Application.c.obj
 .debug_info    0x00013c22       0x22 CMakeFiles/UartDriver.out.dir/startup_stm32f407xx.s.obj

.debug_abbrev   0x00000000     0x27df
 .debug_abbrev  0x00000000      0x22b CMakeFiles/UartDriver.out.dir/Drivers/STM32F4xx_HAL_Driver/Src/stm32f4xx_hal_tim.c.obj
 .debug_abbrev  0x0000022b      0x241 CMakeFiles/UartDriver.out.dir/Drivers/STM32F4xx_HAL_Driver/Src/stm32f4xx_hal_tim_ex.c.obj
 .debug_abbrev  0x0000046c      0x28a CMakeFiles/UartDriver.out.dir/Drivers/STM32F4xx_HAL_Driver/Src/stm32f4xx_hal_rcc.c.obj
 .debug_abbrev  0x000006f6      0x1ef CMakeFiles/UartDriver.out.dir/Drivers/STM32F4xx_HAL_Driver/Src/stm32f4xx_hal_gpio.c.obj
 .debug_abbrev  0x000008e5      0x36a CMakeFiles/UartDriver.out.dir/Drivers/STM32F4xx_HAL_Driver/Src/stm32f4xx_hal_cortex.c.obj
 .debug_abbrev  0x00000c4f      0x206 CMakeFiles/UartDriver.out.dir/Drivers/STM32F4xx_HAL_Driver/Src/stm32f4xx_hal.c.obj
 .debug_abbrev  0x00000e55      0x2d3 CMakeFiles/UartDriver.out.dir/Core/Src/main.c.obj
 .debug_abbrev  0x00001128       0xca CMakeFiles/UartDriver.out.dir/Core/Src/freertos.c.obj
 .debug_abbrev  0x000011f2      0x19e CMakeFiles/UartDriver.out.dir/Core/Src/stm32f4xx_hal_msp.c.obj
 .debug_abbrev  0x00001390      0x1ca CMakeFiles/UartDriver.out.dir/Core/Src/stm32f4xx_it.c.obj
 .debug_abbrev  0x0000155a      0x119 CMakeFiles/UartDriver.out.dir/Core/Src/system_stm32f4xx.c.obj
 .debug_abbrev  0x00001673      0x35b CMakeFiles/UartDriver.out.dir/Middlewares/Third_Party/FreeRTOS/Source/CMSIS_RTOS/cmsis_os.c.obj
 .debug_abbrev  0x000019ce      0x26b CMakeFiles/UartDriver.out.dir/Middlewares/Third_Party/FreeRTOS/Source/portable/GCC/ARM_CM4F/port.c.obj
 .debug_abbrev  0x00001c39      0x106 CMakeFiles/UartDriver.out.dir/Middlewares/Third_Party/FreeRTOS/Source/list.c.obj
 .debug_abbrev  0x00001d3f      0x369 CMakeFiles/UartDriver.out.dir/Middlewares/Third_Party/FreeRTOS/Source/queue.c.obj
 .debug_abbrev  0x000020a8      0x313 CMakeFiles/UartDriver.out.dir/Middlewares/Third_Party/FreeRTOS/Source/tasks.c.obj
 .debug_abbrev  0x000023bb      0x24b CMakeFiles/UartDriver.out.dir/Middlewares/Third_Party/FreeRTOS/Source/portable/MemMang/heap_4.c.obj
 .debug_abbrev  0x00002606      0x1c7 CMakeFiles/UartDriver.out.dir/Application/src/Application.c.obj
 .debug_abbrev  0x000027cd       0x12 CMakeFiles/UartDriver.out.dir/startup_stm32f407xx.s.obj

.debug_loc      0x00000000     0xd116
 .debug_loc     0x00000000     0x506c CMakeFiles/UartDriver.out.dir/Drivers/STM32F4xx_HAL_Driver/Src/stm32f4xx_hal_tim.c.obj
 .debug_loc     0x0000506c     0x1cd7 CMakeFiles/UartDriver.out.dir/Drivers/STM32F4xx_HAL_Driver/Src/stm32f4xx_hal_tim_ex.c.obj
 .debug_loc     0x00006d43      0x58c CMakeFiles/UartDriver.out.dir/Drivers/STM32F4xx_HAL_Driver/Src/stm32f4xx_hal_rcc.c.obj
 .debug_loc     0x000072cf      0x520 CMakeFiles/UartDriver.out.dir/Drivers/STM32F4xx_HAL_Driver/Src/stm32f4xx_hal_gpio.c.obj
 .debug_loc     0x000077ef      0x744 CMakeFiles/UartDriver.out.dir/Drivers/STM32F4xx_HAL_Driver/Src/stm32f4xx_hal_cortex.c.obj
 .debug_loc     0x00007f33      0x141 CMakeFiles/UartDriver.out.dir/Drivers/STM32F4xx_HAL_Driver/Src/stm32f4xx_hal.c.obj
 .debug_loc     0x00008074       0x25 CMakeFiles/UartDriver.out.dir/Core/Src/main.c.obj
 .debug_loc     0x00008099       0x67 CMakeFiles/UartDriver.out.dir/Core/Src/stm32f4xx_hal_msp.c.obj
 .debug_loc     0x00008100      0x158 CMakeFiles/UartDriver.out.dir/Core/Src/system_stm32f4xx.c.obj
 .debug_loc     0x00008258     0x12e6 CMakeFiles/UartDriver.out.dir/Middlewares/Third_Party/FreeRTOS/Source/CMSIS_RTOS/cmsis_os.c.obj
 .debug_loc     0x0000953e      0x124 CMakeFiles/UartDriver.out.dir/Middlewares/Third_Party/FreeRTOS/Source/portable/GCC/ARM_CM4F/port.c.obj
 .debug_loc     0x00009662       0xad CMakeFiles/UartDriver.out.dir/Middlewares/Third_Party/FreeRTOS/Source/list.c.obj
 .debug_loc     0x0000970f     0x169e CMakeFiles/UartDriver.out.dir/Middlewares/Third_Party/FreeRTOS/Source/queue.c.obj
 .debug_loc     0x0000adad     0x1e83 CMakeFiles/UartDriver.out.dir/Middlewares/Third_Party/FreeRTOS/Source/tasks.c.obj
 .debug_loc     0x0000cc30      0x434 CMakeFiles/UartDriver.out.dir/Middlewares/Third_Party/FreeRTOS/Source/portable/MemMang/heap_4.c.obj
 .debug_loc     0x0000d064       0xb2 CMakeFiles/UartDriver.out.dir/Application/src/Application.c.obj

.debug_aranges  0x00000000      0xed0
 .debug_aranges
                0x00000000      0x3d0 CMakeFiles/UartDriver.out.dir/Drivers/STM32F4xx_HAL_Driver/Src/stm32f4xx_hal_tim.c.obj
 .debug_aranges
                0x000003d0      0x168 CMakeFiles/UartDriver.out.dir/Drivers/STM32F4xx_HAL_Driver/Src/stm32f4xx_hal_tim_ex.c.obj
 .debug_aranges
                0x00000538       0x88 CMakeFiles/UartDriver.out.dir/Drivers/STM32F4xx_HAL_Driver/Src/stm32f4xx_hal_rcc.c.obj
 .debug_aranges
                0x000005c0       0x58 CMakeFiles/UartDriver.out.dir/Drivers/STM32F4xx_HAL_Driver/Src/stm32f4xx_hal_gpio.c.obj
 .debug_aranges
                0x00000618       0xa8 CMakeFiles/UartDriver.out.dir/Drivers/STM32F4xx_HAL_Driver/Src/stm32f4xx_hal_cortex.c.obj
 .debug_aranges
                0x000006c0       0xf0 CMakeFiles/UartDriver.out.dir/Drivers/STM32F4xx_HAL_Driver/Src/stm32f4xx_hal.c.obj
 .debug_aranges
                0x000007b0       0x48 CMakeFiles/UartDriver.out.dir/Core/Src/main.c.obj
 .debug_aranges
                0x000007f8       0x20 CMakeFiles/UartDriver.out.dir/Core/Src/freertos.c.obj
 .debug_aranges
                0x00000818       0x30 CMakeFiles/UartDriver.out.dir/Core/Src/stm32f4xx_hal_msp.c.obj
 .debug_aranges
                0x00000848       0x60 CMakeFiles/UartDriver.out.dir/Core/Src/stm32f4xx_it.c.obj
 .debug_aranges
                0x000008a8       0x28 CMakeFiles/UartDriver.out.dir/Core/Src/system_stm32f4xx.c.obj
 .debug_aranges
                0x000008d0      0x1d8 CMakeFiles/UartDriver.out.dir/Middlewares/Third_Party/FreeRTOS/Source/CMSIS_RTOS/cmsis_os.c.obj
 .debug_aranges
                0x00000aa8       0x80 CMakeFiles/UartDriver.out.dir/Middlewares/Third_Party/FreeRTOS/Source/portable/GCC/ARM_CM4F/port.c.obj
 .debug_aranges
                0x00000b28       0x40 CMakeFiles/UartDriver.out.dir/Middlewares/Third_Party/FreeRTOS/Source/list.c.obj
 .debug_aranges
                0x00000b68      0x108 CMakeFiles/UartDriver.out.dir/Middlewares/Third_Party/FreeRTOS/Source/queue.c.obj
 .debug_aranges
                0x00000c70      0x1b8 CMakeFiles/UartDriver.out.dir/Middlewares/Third_Party/FreeRTOS/Source/tasks.c.obj
 .debug_aranges
                0x00000e28       0x58 CMakeFiles/UartDriver.out.dir/Middlewares/Third_Party/FreeRTOS/Source/portable/MemMang/heap_4.c.obj
 .debug_aranges
                0x00000e80       0x28 CMakeFiles/UartDriver.out.dir/Application/src/Application.c.obj
 .debug_aranges
                0x00000ea8       0x28 CMakeFiles/UartDriver.out.dir/startup_stm32f407xx.s.obj

.debug_ranges   0x00000000      0xfe0
 .debug_ranges  0x00000000      0x3c0 CMakeFiles/UartDriver.out.dir/Drivers/STM32F4xx_HAL_Driver/Src/stm32f4xx_hal_tim.c.obj
 .debug_ranges  0x000003c0      0x158 CMakeFiles/UartDriver.out.dir/Drivers/STM32F4xx_HAL_Driver/Src/stm32f4xx_hal_tim_ex.c.obj
 .debug_ranges  0x00000518       0x90 CMakeFiles/UartDriver.out.dir/Drivers/STM32F4xx_HAL_Driver/Src/stm32f4xx_hal_rcc.c.obj
 .debug_ranges  0x000005a8       0x48 CMakeFiles/UartDriver.out.dir/Drivers/STM32F4xx_HAL_Driver/Src/stm32f4xx_hal_gpio.c.obj
 .debug_ranges  0x000005f0       0xf8 CMakeFiles/UartDriver.out.dir/Drivers/STM32F4xx_HAL_Driver/Src/stm32f4xx_hal_cortex.c.obj
 .debug_ranges  0x000006e8       0xe0 CMakeFiles/UartDriver.out.dir/Drivers/STM32F4xx_HAL_Driver/Src/stm32f4xx_hal.c.obj
 .debug_ranges  0x000007c8       0x38 CMakeFiles/UartDriver.out.dir/Core/Src/main.c.obj
 .debug_ranges  0x00000800       0x10 CMakeFiles/UartDriver.out.dir/Core/Src/freertos.c.obj
 .debug_ranges  0x00000810       0x20 CMakeFiles/UartDriver.out.dir/Core/Src/stm32f4xx_hal_msp.c.obj
 .debug_ranges  0x00000830       0x50 CMakeFiles/UartDriver.out.dir/Core/Src/stm32f4xx_it.c.obj
 .debug_ranges  0x00000880       0x18 CMakeFiles/UartDriver.out.dir/Core/Src/system_stm32f4xx.c.obj
 .debug_ranges  0x00000898      0x1c8 CMakeFiles/UartDriver.out.dir/Middlewares/Third_Party/FreeRTOS/Source/CMSIS_RTOS/cmsis_os.c.obj
 .debug_ranges  0x00000a60       0x88 CMakeFiles/UartDriver.out.dir/Middlewares/Third_Party/FreeRTOS/Source/portable/GCC/ARM_CM4F/port.c.obj
 .debug_ranges  0x00000ae8       0x30 CMakeFiles/UartDriver.out.dir/Middlewares/Third_Party/FreeRTOS/Source/list.c.obj
 .debug_ranges  0x00000b18      0x1c8 CMakeFiles/UartDriver.out.dir/Middlewares/Third_Party/FreeRTOS/Source/queue.c.obj
 .debug_ranges  0x00000ce0      0x280 CMakeFiles/UartDriver.out.dir/Middlewares/Third_Party/FreeRTOS/Source/tasks.c.obj
 .debug_ranges  0x00000f60       0x48 CMakeFiles/UartDriver.out.dir/Middlewares/Third_Party/FreeRTOS/Source/portable/MemMang/heap_4.c.obj
 .debug_ranges  0x00000fa8       0x18 CMakeFiles/UartDriver.out.dir/Application/src/Application.c.obj
 .debug_ranges  0x00000fc0       0x20 CMakeFiles/UartDriver.out.dir/startup_stm32f407xx.s.obj

.debug_line     0x00000000    0x105db
 .debug_line    0x00000000     0x4b01 CMakeFiles/UartDriver.out.dir/Drivers/STM32F4xx_HAL_Driver/Src/stm32f4xx_hal_tim.c.obj
 .debug_line    0x00004b01     0x1d25 CMakeFiles/UartDriver.out.dir/Drivers/STM32F4xx_HAL_Driver/Src/stm32f4xx_hal_tim_ex.c.obj
 .debug_line    0x00006826      0xb6f CMakeFiles/UartDriver.out.dir/Drivers/STM32F4xx_HAL_Driver/Src/stm32f4xx_hal_rcc.c.obj
 .debug_line    0x00007395      0x740 CMakeFiles/UartDriver.out.dir/Drivers/STM32F4xx_HAL_Driver/Src/stm32f4xx_hal_gpio.c.obj
 .debug_line    0x00007ad5      0x7f0 CMakeFiles/UartDriver.out.dir/Drivers/STM32F4xx_HAL_Driver/Src/stm32f4xx_hal_cortex.c.obj
 .debug_line    0x000082c5      0x5dd CMakeFiles/UartDriver.out.dir/Drivers/STM32F4xx_HAL_Driver/Src/stm32f4xx_hal.c.obj
 .debug_line    0x000088a2      0x6cd CMakeFiles/UartDriver.out.dir/Core/Src/main.c.obj
 .debug_line    0x00008f6f      0x208 CMakeFiles/UartDriver.out.dir/Core/Src/freertos.c.obj
 .debug_line    0x00009177      0x29b CMakeFiles/UartDriver.out.dir/Core/Src/stm32f4xx_hal_msp.c.obj
 .debug_line    0x00009412      0x492 CMakeFiles/UartDriver.out.dir/Core/Src/stm32f4xx_it.c.obj
 .debug_line    0x000098a4      0x2af CMakeFiles/UartDriver.out.dir/Core/Src/system_stm32f4xx.c.obj
 .debug_line    0x00009b53     0x1202 CMakeFiles/UartDriver.out.dir/Middlewares/Third_Party/FreeRTOS/Source/CMSIS_RTOS/cmsis_os.c.obj
 .debug_line    0x0000ad55      0x769 CMakeFiles/UartDriver.out.dir/Middlewares/Third_Party/FreeRTOS/Source/portable/GCC/ARM_CM4F/port.c.obj
 .debug_line    0x0000b4be      0x3b8 CMakeFiles/UartDriver.out.dir/Middlewares/Third_Party/FreeRTOS/Source/list.c.obj
 .debug_line    0x0000b876     0x1c75 CMakeFiles/UartDriver.out.dir/Middlewares/Third_Party/FreeRTOS/Source/queue.c.obj
 .debug_line    0x0000d4eb     0x253d CMakeFiles/UartDriver.out.dir/Middlewares/Third_Party/FreeRTOS/Source/tasks.c.obj
 .debug_line    0x0000fa28      0x79b CMakeFiles/UartDriver.out.dir/Middlewares/Third_Party/FreeRTOS/Source/portable/MemMang/heap_4.c.obj
 .debug_line    0x000101c3      0x389 CMakeFiles/UartDriver.out.dir/Application/src/Application.c.obj
 .debug_line    0x0001054c       0x8f CMakeFiles/UartDriver.out.dir/startup_stm32f407xx.s.obj

.debug_str      0x00000000     0x53c4
 .debug_str     0x00000000     0x1581 CMakeFiles/UartDriver.out.dir/Drivers/STM32F4xx_HAL_Driver/Src/stm32f4xx_hal_tim.c.obj
                               0x16aa (size before relaxing)
 .debug_str     0x00001581      0x5aa CMakeFiles/UartDriver.out.dir/Drivers/STM32F4xx_HAL_Driver/Src/stm32f4xx_hal_tim_ex.c.obj
                                0xeab (size before relaxing)
 .debug_str     0x00001b2b      0x4ff CMakeFiles/UartDriver.out.dir/Drivers/STM32F4xx_HAL_Driver/Src/stm32f4xx_hal_rcc.c.obj
                                0x6f7 (size before relaxing)
 .debug_str     0x0000202a      0x17c CMakeFiles/UartDriver.out.dir/Drivers/STM32F4xx_HAL_Driver/Src/stm32f4xx_hal_gpio.c.obj
                                0x4d1 (size before relaxing)
 .debug_str     0x000021a6      0xa08 CMakeFiles/UartDriver.out.dir/Drivers/STM32F4xx_HAL_Driver/Src/stm32f4xx_hal_cortex.c.obj
                                0xc1d (size before relaxing)
 .debug_str     0x00002bae      0x2d9 CMakeFiles/UartDriver.out.dir/Drivers/STM32F4xx_HAL_Driver/Src/stm32f4xx_hal.c.obj
                                0xb4b (size before relaxing)
 .debug_str     0x00002e87      0x374 CMakeFiles/UartDriver.out.dir/Core/Src/main.c.obj
                               0x1316 (size before relaxing)
 .debug_str     0x000031fb       0xa3 CMakeFiles/UartDriver.out.dir/Core/Src/freertos.c.obj
                                0x300 (size before relaxing)
 .debug_str     0x0000329e       0x40 CMakeFiles/UartDriver.out.dir/Core/Src/stm32f4xx_hal_msp.c.obj
                                0xd2d (size before relaxing)
 .debug_str     0x000032de      0x108 CMakeFiles/UartDriver.out.dir/Core/Src/stm32f4xx_it.c.obj
                                0x855 (size before relaxing)
 .debug_str     0x000033e6       0x60 CMakeFiles/UartDriver.out.dir/Core/Src/system_stm32f4xx.c.obj
                                0x366 (size before relaxing)
 .debug_str     0x00003446      0xb33 CMakeFiles/UartDriver.out.dir/Middlewares/Third_Party/FreeRTOS/Source/CMSIS_RTOS/cmsis_os.c.obj
                               0x103e (size before relaxing)
 .debug_str     0x00003f79      0x231 CMakeFiles/UartDriver.out.dir/Middlewares/Third_Party/FreeRTOS/Source/portable/GCC/ARM_CM4F/port.c.obj
                                0x473 (size before relaxing)
 .debug_str     0x000041aa      0x14f CMakeFiles/UartDriver.out.dir/Middlewares/Third_Party/FreeRTOS/Source/list.c.obj
                                0x2f3 (size before relaxing)
 .debug_str     0x000042f9      0x599 CMakeFiles/UartDriver.out.dir/Middlewares/Third_Party/FreeRTOS/Source/queue.c.obj
                                0xb5c (size before relaxing)
 .debug_str     0x00004892      0x7a9 CMakeFiles/UartDriver.out.dir/Middlewares/Third_Party/FreeRTOS/Source/tasks.c.obj
                               0x100c (size before relaxing)
 .debug_str     0x0000503b      0x2e1 CMakeFiles/UartDriver.out.dir/Middlewares/Third_Party/FreeRTOS/Source/portable/MemMang/heap_4.c.obj
                                0x501 (size before relaxing)
 .debug_str     0x0000531c       0x6b CMakeFiles/UartDriver.out.dir/Application/src/Application.c.obj
                                0x81e (size before relaxing)
 .debug_str     0x00005387       0x3d CMakeFiles/UartDriver.out.dir/startup_stm32f407xx.s.obj
                                 0x5c (size before relaxing)

.comment        0x00000000       0x49
 .comment       0x00000000       0x49 CMakeFiles/UartDriver.out.dir/Drivers/STM32F4xx_HAL_Driver/Src/stm32f4xx_hal_tim.c.obj
                                 0x4a (size before relaxing)
 .comment       0x00000049       0x4a CMakeFiles/UartDriver.out.dir/Drivers/STM32F4xx_HAL_Driver/Src/stm32f4xx_hal_tim_ex.c.obj
 .comment       0x00000049       0x4a CMakeFiles/UartDriver.out.dir/Drivers/STM32F4xx_HAL_Driver/Src/stm32f4xx_hal_rcc.c.obj
 .comment       0x00000049       0x4a CMakeFiles/UartDriver.out.dir/Drivers/STM32F4xx_HAL_Driver/Src/stm32f4xx_hal_gpio.c.obj
 .comment       0x00000049       0x4a CMakeFiles/UartDriver.out.dir/Drivers/STM32F4xx_HAL_Driver/Src/stm32f4xx_hal_cortex.c.obj
 .comment       0x00000049       0x4a CMakeFiles/UartDriver.out.dir/Drivers/STM32F4xx_HAL_Driver/Src/stm32f4xx_hal.c.obj
 .comment       0x00000049       0x4a CMakeFiles/UartDriver.out.dir/Core/Src/main.c.obj
 .comment       0x00000049       0x4a CMakeFiles/UartDriver.out.dir/Core/Src/freertos.c.obj
 .comment       0x00000049       0x4a CMakeFiles/UartDriver.out.dir/Core/Src/stm32f4xx_hal_msp.c.obj
 .comment       0x00000049       0x4a CMakeFiles/UartDriver.out.dir/Core/Src/stm32f4xx_it.c.obj
 .comment       0x00000049       0x4a CMakeFiles/UartDriver.out.dir/Core/Src/system_stm32f4xx.c.obj
 .comment       0x00000049       0x4a CMakeFiles/UartDriver.out.dir/Middlewares/Third_Party/FreeRTOS/Source/CMSIS_RTOS/cmsis_os.c.obj
 .comment       0x00000049       0x4a CMakeFiles/UartDriver.out.dir/Middlewares/Third_Party/FreeRTOS/Source/portable/GCC/ARM_CM4F/port.c.obj
 .comment       0x00000049       0x4a CMakeFiles/UartDriver.out.dir/Middlewares/Third_Party/FreeRTOS/Source/list.c.obj
 .comment       0x00000049       0x4a CMakeFiles/UartDriver.out.dir/Middlewares/Third_Party/FreeRTOS/Source/queue.c.obj
 .comment       0x00000049       0x4a CMakeFiles/UartDriver.out.dir/Middlewares/Third_Party/FreeRTOS/Source/tasks.c.obj
 .comment       0x00000049       0x4a CMakeFiles/UartDriver.out.dir/Middlewares/Third_Party/FreeRTOS/Source/portable/MemMang/heap_4.c.obj
 .comment       0x00000049       0x4a CMakeFiles/UartDriver.out.dir/Application/src/Application.c.obj

Cross Reference Table

Symbol                                            File
ADC_IRQHandler                                    CMakeFiles/UartDriver.out.dir/startup_stm32f407xx.s.obj
AHBPrescTable                                     CMakeFiles/UartDriver.out.dir/Core/Src/system_stm32f4xx.c.obj
                                                  CMakeFiles/UartDriver.out.dir/Drivers/STM32F4xx_HAL_Driver/Src/stm32f4xx_hal_rcc.c.obj
APBPrescTable                                     CMakeFiles/UartDriver.out.dir/Core/Src/system_stm32f4xx.c.obj
                                                  CMakeFiles/UartDriver.out.dir/Drivers/STM32F4xx_HAL_Driver/Src/stm32f4xx_hal_rcc.c.obj
Application_Init                                  CMakeFiles/UartDriver.out.dir/Application/src/Application.c.obj
                                                  CMakeFiles/UartDriver.out.dir/Core/Src/main.c.obj
Application_IntHandler                            CMakeFiles/UartDriver.out.dir/Application/src/Application.c.obj
                                                  CMakeFiles/UartDriver.out.dir/Core/Src/main.c.obj
BusFault_Handler                                  CMakeFiles/UartDriver.out.dir/Core/Src/stm32f4xx_it.c.obj
CAN1_RX0_IRQHandler                               CMakeFiles/UartDriver.out.dir/startup_stm32f407xx.s.obj
CAN1_RX1_IRQHandler                               CMakeFiles/UartDriver.out.dir/startup_stm32f407xx.s.obj
CAN1_SCE_IRQHandler                               CMakeFiles/UartDriver.out.dir/startup_stm32f407xx.s.obj
CAN1_TX_IRQHandler                                CMakeFiles/UartDriver.out.dir/startup_stm32f407xx.s.obj
CAN2_RX0_IRQHandler                               CMakeFiles/UartDriver.out.dir/startup_stm32f407xx.s.obj
CAN2_RX1_IRQHandler                               CMakeFiles/UartDriver.out.dir/startup_stm32f407xx.s.obj
CAN2_SCE_IRQHandler                               CMakeFiles/UartDriver.out.dir/startup_stm32f407xx.s.obj
CAN2_TX_IRQHandler                                CMakeFiles/UartDriver.out.dir/startup_stm32f407xx.s.obj
DCMI_IRQHandler                                   CMakeFiles/UartDriver.out.dir/startup_stm32f407xx.s.obj
DMA1_Stream0_IRQHandler                           CMakeFiles/UartDriver.out.dir/startup_stm32f407xx.s.obj
DMA1_Stream1_IRQHandler                           CMakeFiles/UartDriver.out.dir/startup_stm32f407xx.s.obj
DMA1_Stream2_IRQHandler                           CMakeFiles/UartDriver.out.dir/startup_stm32f407xx.s.obj
DMA1_Stream3_IRQHandler                           CMakeFiles/UartDriver.out.dir/startup_stm32f407xx.s.obj
DMA1_Stream4_IRQHandler                           CMakeFiles/UartDriver.out.dir/startup_stm32f407xx.s.obj
DMA1_Stream5_IRQHandler                           CMakeFiles/UartDriver.out.dir/startup_stm32f407xx.s.obj
DMA1_Stream6_IRQHandler                           CMakeFiles/UartDriver.out.dir/startup_stm32f407xx.s.obj
DMA1_Stream7_IRQHandler                           CMakeFiles/UartDriver.out.dir/startup_stm32f407xx.s.obj
DMA2_Stream0_IRQHandler                           CMakeFiles/UartDriver.out.dir/startup_stm32f407xx.s.obj
DMA2_Stream1_IRQHandler                           CMakeFiles/UartDriver.out.dir/startup_stm32f407xx.s.obj
DMA2_Stream2_IRQHandler                           CMakeFiles/UartDriver.out.dir/startup_stm32f407xx.s.obj
DMA2_Stream3_IRQHandler                           CMakeFiles/UartDriver.out.dir/startup_stm32f407xx.s.obj
DMA2_Stream4_IRQHandler                           CMakeFiles/UartDriver.out.dir/startup_stm32f407xx.s.obj
DMA2_Stream5_IRQHandler                           CMakeFiles/UartDriver.out.dir/startup_stm32f407xx.s.obj
DMA2_Stream6_IRQHandler                           CMakeFiles/UartDriver.out.dir/startup_stm32f407xx.s.obj
DMA2_Stream7_IRQHandler                           CMakeFiles/UartDriver.out.dir/startup_stm32f407xx.s.obj
DebugMon_Handler                                  CMakeFiles/UartDriver.out.dir/Core/Src/stm32f4xx_it.c.obj
Default_Handler                                   CMakeFiles/UartDriver.out.dir/startup_stm32f407xx.s.obj
ETH_IRQHandler                                    CMakeFiles/UartDriver.out.dir/startup_stm32f407xx.s.obj
ETH_WKUP_IRQHandler                               CMakeFiles/UartDriver.out.dir/startup_stm32f407xx.s.obj
EXTI0_IRQHandler                                  CMakeFiles/UartDriver.out.dir/Core/Src/stm32f4xx_it.c.obj
EXTI15_10_IRQHandler                              CMakeFiles/UartDriver.out.dir/startup_stm32f407xx.s.obj
EXTI1_IRQHandler                                  CMakeFiles/UartDriver.out.dir/startup_stm32f407xx.s.obj
EXTI2_IRQHandler                                  CMakeFiles/UartDriver.out.dir/startup_stm32f407xx.s.obj
EXTI3_IRQHandler                                  CMakeFiles/UartDriver.out.dir/startup_stm32f407xx.s.obj
EXTI4_IRQHandler                                  CMakeFiles/UartDriver.out.dir/startup_stm32f407xx.s.obj
EXTI9_5_IRQHandler                                CMakeFiles/UartDriver.out.dir/startup_stm32f407xx.s.obj
Error_Handler                                     CMakeFiles/UartDriver.out.dir/Core/Src/main.c.obj
FLASH_Erase_Sector                                CMakeFiles/UartDriver.out.dir/Drivers/STM32F4xx_HAL_Driver/Src/stm32f4xx_hal_flash_ex.c.obj
                                                  CMakeFiles/UartDriver.out.dir/Drivers/STM32F4xx_HAL_Driver/Src/stm32f4xx_hal_flash.c.obj
FLASH_FlushCaches                                 CMakeFiles/UartDriver.out.dir/Drivers/STM32F4xx_HAL_Driver/Src/stm32f4xx_hal_flash_ex.c.obj
                                                  CMakeFiles/UartDriver.out.dir/Drivers/STM32F4xx_HAL_Driver/Src/stm32f4xx_hal_flash.c.obj
FLASH_IRQHandler                                  CMakeFiles/UartDriver.out.dir/startup_stm32f407xx.s.obj
FLASH_WaitForLastOperation                        CMakeFiles/UartDriver.out.dir/Drivers/STM32F4xx_HAL_Driver/Src/stm32f4xx_hal_flash.c.obj
                                                  CMakeFiles/UartDriver.out.dir/Drivers/STM32F4xx_HAL_Driver/Src/stm32f4xx_hal_flash_ex.c.obj
FPU_IRQHandler                                    CMakeFiles/UartDriver.out.dir/startup_stm32f407xx.s.obj
FSMC_IRQHandler                                   CMakeFiles/UartDriver.out.dir/startup_stm32f407xx.s.obj
HAL_DBGMCU_DisableDBGSleepMode                    CMakeFiles/UartDriver.out.dir/Drivers/STM32F4xx_HAL_Driver/Src/stm32f4xx_hal.c.obj
HAL_DBGMCU_DisableDBGStandbyMode                  CMakeFiles/UartDriver.out.dir/Drivers/STM32F4xx_HAL_Driver/Src/stm32f4xx_hal.c.obj
HAL_DBGMCU_DisableDBGStopMode                     CMakeFiles/UartDriver.out.dir/Drivers/STM32F4xx_HAL_Driver/Src/stm32f4xx_hal.c.obj
HAL_DBGMCU_EnableDBGSleepMode                     CMakeFiles/UartDriver.out.dir/Drivers/STM32F4xx_HAL_Driver/Src/stm32f4xx_hal.c.obj
HAL_DBGMCU_EnableDBGStandbyMode                   CMakeFiles/UartDriver.out.dir/Drivers/STM32F4xx_HAL_Driver/Src/stm32f4xx_hal.c.obj
HAL_DBGMCU_EnableDBGStopMode                      CMakeFiles/UartDriver.out.dir/Drivers/STM32F4xx_HAL_Driver/Src/stm32f4xx_hal.c.obj
HAL_DMAEx_ChangeMemory                            CMakeFiles/UartDriver.out.dir/Drivers/STM32F4xx_HAL_Driver/Src/stm32f4xx_hal_dma_ex.c.obj
HAL_DMAEx_MultiBufferStart                        CMakeFiles/UartDriver.out.dir/Drivers/STM32F4xx_HAL_Driver/Src/stm32f4xx_hal_dma_ex.c.obj
HAL_DMAEx_MultiBufferStart_IT                     CMakeFiles/UartDriver.out.dir/Drivers/STM32F4xx_HAL_Driver/Src/stm32f4xx_hal_dma_ex.c.obj
HAL_DMA_Abort                                     CMakeFiles/UartDriver.out.dir/Drivers/STM32F4xx_HAL_Driver/Src/stm32f4xx_hal_dma.c.obj
HAL_DMA_Abort_IT                                  CMakeFiles/UartDriver.out.dir/Drivers/STM32F4xx_HAL_Driver/Src/stm32f4xx_hal_dma.c.obj
                                                  CMakeFiles/UartDriver.out.dir/Drivers/STM32F4xx_HAL_Driver/Src/stm32f4xx_hal_tim_ex.c.obj
                                                  CMakeFiles/UartDriver.out.dir/Drivers/STM32F4xx_HAL_Driver/Src/stm32f4xx_hal_tim.c.obj
HAL_DMA_DeInit                                    CMakeFiles/UartDriver.out.dir/Drivers/STM32F4xx_HAL_Driver/Src/stm32f4xx_hal_dma.c.obj
HAL_DMA_GetError                                  CMakeFiles/UartDriver.out.dir/Drivers/STM32F4xx_HAL_Driver/Src/stm32f4xx_hal_dma.c.obj
HAL_DMA_GetState                                  CMakeFiles/UartDriver.out.dir/Drivers/STM32F4xx_HAL_Driver/Src/stm32f4xx_hal_dma.c.obj
HAL_DMA_IRQHandler                                CMakeFiles/UartDriver.out.dir/Drivers/STM32F4xx_HAL_Driver/Src/stm32f4xx_hal_dma.c.obj
HAL_DMA_Init                                      CMakeFiles/UartDriver.out.dir/Drivers/STM32F4xx_HAL_Driver/Src/stm32f4xx_hal_dma.c.obj
HAL_DMA_PollForTransfer                           CMakeFiles/UartDriver.out.dir/Drivers/STM32F4xx_HAL_Driver/Src/stm32f4xx_hal_dma.c.obj
HAL_DMA_RegisterCallback                          CMakeFiles/UartDriver.out.dir/Drivers/STM32F4xx_HAL_Driver/Src/stm32f4xx_hal_dma.c.obj
HAL_DMA_Start                                     CMakeFiles/UartDriver.out.dir/Drivers/STM32F4xx_HAL_Driver/Src/stm32f4xx_hal_dma.c.obj
HAL_DMA_Start_IT                                  CMakeFiles/UartDriver.out.dir/Drivers/STM32F4xx_HAL_Driver/Src/stm32f4xx_hal_dma.c.obj
                                                  CMakeFiles/UartDriver.out.dir/Drivers/STM32F4xx_HAL_Driver/Src/stm32f4xx_hal_tim_ex.c.obj
                                                  CMakeFiles/UartDriver.out.dir/Drivers/STM32F4xx_HAL_Driver/Src/stm32f4xx_hal_tim.c.obj
HAL_DMA_UnRegisterCallback                        CMakeFiles/UartDriver.out.dir/Drivers/STM32F4xx_HAL_Driver/Src/stm32f4xx_hal_dma.c.obj
HAL_DeInit                                        CMakeFiles/UartDriver.out.dir/Drivers/STM32F4xx_HAL_Driver/Src/stm32f4xx_hal.c.obj
HAL_Delay                                         CMakeFiles/UartDriver.out.dir/Drivers/STM32F4xx_HAL_Driver/Src/stm32f4xx_hal.c.obj
HAL_DisableCompensationCell                       CMakeFiles/UartDriver.out.dir/Drivers/STM32F4xx_HAL_Driver/Src/stm32f4xx_hal.c.obj
HAL_EXTI_ClearConfigLine                          CMakeFiles/UartDriver.out.dir/Drivers/STM32F4xx_HAL_Driver/Src/stm32f4xx_hal_exti.c.obj
HAL_EXTI_ClearPending                             CMakeFiles/UartDriver.out.dir/Drivers/STM32F4xx_HAL_Driver/Src/stm32f4xx_hal_exti.c.obj
HAL_EXTI_GenerateSWI                              CMakeFiles/UartDriver.out.dir/Drivers/STM32F4xx_HAL_Driver/Src/stm32f4xx_hal_exti.c.obj
HAL_EXTI_GetConfigLine                            CMakeFiles/UartDriver.out.dir/Drivers/STM32F4xx_HAL_Driver/Src/stm32f4xx_hal_exti.c.obj
HAL_EXTI_GetHandle                                CMakeFiles/UartDriver.out.dir/Drivers/STM32F4xx_HAL_Driver/Src/stm32f4xx_hal_exti.c.obj
HAL_EXTI_GetPending                               CMakeFiles/UartDriver.out.dir/Drivers/STM32F4xx_HAL_Driver/Src/stm32f4xx_hal_exti.c.obj
HAL_EXTI_IRQHandler                               CMakeFiles/UartDriver.out.dir/Drivers/STM32F4xx_HAL_Driver/Src/stm32f4xx_hal_exti.c.obj
HAL_EXTI_RegisterCallback                         CMakeFiles/UartDriver.out.dir/Drivers/STM32F4xx_HAL_Driver/Src/stm32f4xx_hal_exti.c.obj
HAL_EXTI_SetConfigLine                            CMakeFiles/UartDriver.out.dir/Drivers/STM32F4xx_HAL_Driver/Src/stm32f4xx_hal_exti.c.obj
HAL_EnableCompensationCell                        CMakeFiles/UartDriver.out.dir/Drivers/STM32F4xx_HAL_Driver/Src/stm32f4xx_hal.c.obj
HAL_FLASHEx_Erase                                 CMakeFiles/UartDriver.out.dir/Drivers/STM32F4xx_HAL_Driver/Src/stm32f4xx_hal_flash_ex.c.obj
HAL_FLASHEx_Erase_IT                              CMakeFiles/UartDriver.out.dir/Drivers/STM32F4xx_HAL_Driver/Src/stm32f4xx_hal_flash_ex.c.obj
HAL_FLASHEx_OBGetConfig                           CMakeFiles/UartDriver.out.dir/Drivers/STM32F4xx_HAL_Driver/Src/stm32f4xx_hal_flash_ex.c.obj
HAL_FLASHEx_OBProgram                             CMakeFiles/UartDriver.out.dir/Drivers/STM32F4xx_HAL_Driver/Src/stm32f4xx_hal_flash_ex.c.obj
HAL_FLASH_EndOfOperationCallback                  CMakeFiles/UartDriver.out.dir/Drivers/STM32F4xx_HAL_Driver/Src/stm32f4xx_hal_flash.c.obj
HAL_FLASH_GetError                                CMakeFiles/UartDriver.out.dir/Drivers/STM32F4xx_HAL_Driver/Src/stm32f4xx_hal_flash.c.obj
HAL_FLASH_IRQHandler                              CMakeFiles/UartDriver.out.dir/Drivers/STM32F4xx_HAL_Driver/Src/stm32f4xx_hal_flash.c.obj
HAL_FLASH_Lock                                    CMakeFiles/UartDriver.out.dir/Drivers/STM32F4xx_HAL_Driver/Src/stm32f4xx_hal_flash.c.obj
HAL_FLASH_OB_Launch                               CMakeFiles/UartDriver.out.dir/Drivers/STM32F4xx_HAL_Driver/Src/stm32f4xx_hal_flash.c.obj
HAL_FLASH_OB_Lock                                 CMakeFiles/UartDriver.out.dir/Drivers/STM32F4xx_HAL_Driver/Src/stm32f4xx_hal_flash.c.obj
HAL_FLASH_OB_Unlock                               CMakeFiles/UartDriver.out.dir/Drivers/STM32F4xx_HAL_Driver/Src/stm32f4xx_hal_flash.c.obj
HAL_FLASH_OperationErrorCallback                  CMakeFiles/UartDriver.out.dir/Drivers/STM32F4xx_HAL_Driver/Src/stm32f4xx_hal_flash.c.obj
HAL_FLASH_Program                                 CMakeFiles/UartDriver.out.dir/Drivers/STM32F4xx_HAL_Driver/Src/stm32f4xx_hal_flash.c.obj
HAL_FLASH_Program_IT                              CMakeFiles/UartDriver.out.dir/Drivers/STM32F4xx_HAL_Driver/Src/stm32f4xx_hal_flash.c.obj
HAL_FLASH_Unlock                                  CMakeFiles/UartDriver.out.dir/Drivers/STM32F4xx_HAL_Driver/Src/stm32f4xx_hal_flash.c.obj
HAL_GPIO_DeInit                                   CMakeFiles/UartDriver.out.dir/Drivers/STM32F4xx_HAL_Driver/Src/stm32f4xx_hal_gpio.c.obj
HAL_GPIO_EXTI_Callback                            CMakeFiles/UartDriver.out.dir/Drivers/STM32F4xx_HAL_Driver/Src/stm32f4xx_hal_gpio.c.obj
HAL_GPIO_EXTI_IRQHandler                          CMakeFiles/UartDriver.out.dir/Drivers/STM32F4xx_HAL_Driver/Src/stm32f4xx_hal_gpio.c.obj
                                                  CMakeFiles/UartDriver.out.dir/Core/Src/stm32f4xx_it.c.obj
HAL_GPIO_Init                                     CMakeFiles/UartDriver.out.dir/Drivers/STM32F4xx_HAL_Driver/Src/stm32f4xx_hal_gpio.c.obj
                                                  CMakeFiles/UartDriver.out.dir/Core/Src/main.c.obj
                                                  CMakeFiles/UartDriver.out.dir/Drivers/STM32F4xx_HAL_Driver/Src/stm32f4xx_hal_rcc.c.obj
HAL_GPIO_LockPin                                  CMakeFiles/UartDriver.out.dir/Drivers/STM32F4xx_HAL_Driver/Src/stm32f4xx_hal_gpio.c.obj
HAL_GPIO_ReadPin                                  CMakeFiles/UartDriver.out.dir/Drivers/STM32F4xx_HAL_Driver/Src/stm32f4xx_hal_gpio.c.obj